
> angular-enterprise-blueprint@0.0.1 test
> ng test --watch=false

❯ Building...
✔ Building...
Initial chunk files                                                                     | Names                                                                                |  Raw size
spec-app-shared-components-select-select.component.js                                   | spec-app-shared-components-select-select.component                                   |  57.95 kB | 
spec-app-shared-components-checkbox-checkbox.component.js                               | spec-app-shared-components-checkbox-checkbox.component                               |  55.80 kB | 
spec-app-features-contact-contact.component.js                                          | spec-app-features-contact-contact.component                                          |  49.93 kB | 
spec-app-shared-components-radio-radio.component.js                                     | spec-app-shared-components-radio-radio.component                                     |  48.34 kB | 
spec-app-shared-components-breadcrumb-breadcrumb.component.js                           | spec-app-shared-components-breadcrumb-breadcrumb.component                           |  41.38 kB | 
spec-app-features-home-home.component.js                                                | spec-app-features-home-home.component                                                |  37.78 kB | 
spec-app-features-modules-modules.component.js                                          | spec-app-features-modules-modules.component                                          |  36.91 kB | 
spec-app-features-profile-profile.component.js                                          | spec-app-features-profile-profile.component                                          |  36.72 kB | 
spec-app-features-modules-detail-module-detail.component.js                             | spec-app-features-modules-detail-module-detail.component                             |  36.25 kB | 
spec-app-features-architecture-architecture.component.js                                | spec-app-features-architecture-architecture.component                                |  35.80 kB | 
chunk-WZIW2MWB.js                                                                       | -                                                                                    |  34.66 kB | 
spec-app-shared-components-divider-divider.component.js                                 | spec-app-shared-components-divider-divider.component                                 |  33.25 kB | 
chunk-P6IJTQZ5.js                                                                       | -                                                                                    |  32.88 kB | 
chunk-XRZT4254.js                                                                       | -                                                                                    |  32.50 kB | 
chunk-UDSFEX5T.js                                                                       | -                                                                                    |  30.21 kB | 
spec-app-features-auth-login-login.component.js                                         | spec-app-features-auth-login-login.component                                         |  29.10 kB | 
spec-app-shared-components-button-button.component.js                                   | spec-app-shared-components-button-button.component                                   |  28.63 kB | 
spec-app-shared-utilities-validation-validation.utils.js                                | spec-app-shared-utilities-validation-validation.utils                                |  27.97 kB | 
spec-app-shared-components-textarea-textarea.component.js                               | spec-app-shared-components-textarea-textarea.component                               |  27.63 kB | 
spec-app-core-interceptors-http-error.interceptor.js                                    | spec-app-core-interceptors-http-error.interceptor                                    |  27.57 kB | 
spec-app-shared-components-tabs-tabs.component.js                                       | spec-app-shared-components-tabs-tabs.component                                       |  26.21 kB | 
spec-app-shared-components-loading-spinner-loading-spinner.component.js                 | spec-app-shared-components-loading-spinner-loading-spinner.component                 |  26.13 kB | 
chunk-Y32C4RHG.js                                                                       | -                                                                                    |  25.98 kB | 
chunk-27YNL6CX.js                                                                       | -                                                                                    |  25.94 kB | 
spec-app-shared-components-input-input.component.js                                     | spec-app-shared-components-input-input.component                                     |  24.13 kB | 
spec-app-shared-components-select-select-dropdown-select-dropdown.component.js          | spec-app-shared-components-select-select-dropdown-select-dropdown.component          |  21.54 kB | 
chunk-3A2CZMLT.js                                                                       | -                                                                                    |  21.16 kB | 
spec-app-shared-components-grid-grid.component.js                                       | spec-app-shared-components-grid-grid.component                                       |  20.74 kB | 
chunk-TRYNIOH4.js                                                                       | -                                                                                    |  20.38 kB | 
spec-app-shared-components-modal-modal.component.js                                     | spec-app-shared-components-modal-modal.component                                     |  19.91 kB | 
chunk-RG4SWYAK.js                                                                       | -                                                                                    |  19.37 kB | 
chunk-AX3CWQZG.js                                                                       | -                                                                                    |  19.24 kB | 
spec-app-shared-components-stack-stack.component.js                                     | spec-app-shared-components-stack-stack.component                                     |  18.72 kB | 
chunk-SNLWZPN6.js                                                                       | -                                                                                    |  18.51 kB | 
spec-app-shared-components-skeleton-skeleton.component.js                               | spec-app-shared-components-skeleton-skeleton.component                               |  18.47 kB | 
chunk-RXJQ6U2E.js                                                                       | -                                                                                    |  18.03 kB | 
spec-app-shared-components-form-field-form-field.component.js                           | spec-app-shared-components-form-field-form-field.component                           |  17.93 kB | 
styles.css                                                                              | styles                                                                               |  17.83 kB | 
chunk-4ONDMLEK.js                                                                       | -                                                                                    |  17.29 kB | 
spec-app-shared-components-theme-picker-theme-picker.component.js                       | spec-app-shared-components-theme-picker-theme-picker.component                       |  17.23 kB | 
chunk-GG4KPRSP.js                                                                       | -                                                                                    |  16.94 kB | 
chunk-EVKLBXTD.js                                                                       | -                                                                                    |  16.67 kB | 
spec-app-core-services-seo-seo.service.js                                               | spec-app-core-services-seo-seo.service                                               |  16.14 kB | 
chunk-TGMFRGPP.js                                                                       | -                                                                                    |  15.14 kB | 
spec-app-shared-components-badge-badge.component.js                                     | spec-app-shared-components-badge-badge.component                                     |  15.00 kB | 
chunk-GQUGMFT3.js                                                                       | -                                                                                    |  14.71 kB | 
spec-app-core-auth-auth.store.js                                                        | spec-app-core-auth-auth.store                                                        |  14.49 kB | 
spec-app-core-services-theme-theme.service.js                                           | spec-app-core-services-theme-theme.service                                           |  14.41 kB | 
chunk-IZB3EJOZ.js                                                                       | -                                                                                    |  14.09 kB | 
spec-app-shared-components-select-select-option-select-option.component.js              | spec-app-shared-components-select-select-option-select-option.component              |  14.06 kB | 
spec-app-shared-components-card-card.component.js                                       | spec-app-shared-components-card-card.component                                       |  13.92 kB | 
chunk-55PMWS7V.js                                                                       | -                                                                                    |  13.54 kB | 
chunk-UBDDZEQV.js                                                                       | -                                                                                    |  13.49 kB | 
spec-app-shared-components-container-container.component.js                             | spec-app-shared-components-container-container.component                             |  13.33 kB | 
spec-app-shared-components-tab-button-tab-button.component.js                           | spec-app-shared-components-tab-button-tab-button.component                           |  13.07 kB | 
spec-app-shared-components-toast-toast.component.js                                     | spec-app-shared-components-toast-toast.component                                     |  12.67 kB | 
spec-app-features-contact-services-contact.service.js                                   | spec-app-features-contact-services-contact.service                                   |  12.13 kB | 
chunk-T67MLM6X.js                                                                       | -                                                                                    |  11.97 kB | 
spec-app-core-error-handling-global-error-handler.js                                    | spec-app-core-error-handling-global-error-handler                                    |  11.70 kB | 
spec-app-shared-components-tooltip-tooltip.directive.js                                 | spec-app-shared-components-tooltip-tooltip.directive                                 |  11.34 kB | 
spec-app-shared-components-icon-icon.component.js                                       | spec-app-shared-components-icon-icon.component                                       |  11.33 kB | 
spec-app-shared-components-language-switcher-language-switcher.component.js             | spec-app-shared-components-language-switcher-language-switcher.component             |  11.02 kB | 
chunk-CKDP4JYK.js                                                                       | -                                                                                    |  10.94 kB | 
chunk-6T7MIW6U.js                                                                       | -                                                                                    |  10.71 kB | 
spec-app-shared-components-select-select-button-select-button.component.js              | spec-app-shared-components-select-select-button-select-button.component              |  10.36 kB | 
spec-app-shared-components-checkbox-checkmark-checkbox-checkmark.component.js           | spec-app-shared-components-checkbox-checkmark-checkbox-checkmark.component           |  10.31 kB | 
spec-app-shared-services-toast-toast.service.js                                         | spec-app-shared-services-toast-toast.service                                         |  10.20 kB | 
spec-app-core-auth-strategies-mock-auth.strategy.js                                     | spec-app-core-auth-strategies-mock-auth.strategy                                     |   9.98 kB | 
chunk-2Y5NMIGV.js                                                                       | -                                                                                    |   9.97 kB | 
spec-app-core-services-analytics-analytics.service.js                                   | spec-app-core-services-analytics-analytics.service                                   |   8.88 kB | 
chunk-H4ZR53IR.js                                                                       | -                                                                                    |   8.50 kB | 
chunk-MSJV7DS6.js                                                                       | -                                                                                    |   8.39 kB | 
spec-app-features-contact-state-contact.store.js                                        | spec-app-features-contact-state-contact.store                                        |   8.32 kB | 
spec-app-core-layout-main-layout-main-layout.component.js                               | spec-app-core-layout-main-layout-main-layout.component                               |   8.28 kB | 
spec-app-shared-utilities-debounce-throttle-debounce-throttle.utils.js                  | spec-app-shared-utilities-debounce-throttle-debounce-throttle.utils                  |   8.25 kB | 
chunk-5JYZJNEK.js                                                                       | -                                                                                    |   8.21 kB | 
spec-app-core-services-analytics-providers-google-analytics.provider.js                 | spec-app-core-services-analytics-providers-google-analytics.provider                 |   8.04 kB | 
spec-app-features-architecture-state-architecture.store.js                              | spec-app-features-architecture-state-architecture.store                              |   7.79 kB | 
spec-app-shared-components-tooltip-tooltip.component.js                                 | spec-app-shared-components-tooltip-tooltip.component                                 |   7.63 kB | 
chunk-67L7EG5E.js                                                                       | -                                                                                    |   7.51 kB | 
spec-app-core-layout-header-header.component.js                                         | spec-app-core-layout-header-header.component                                         |   7.11 kB | 
chunk-G372FSH2.js                                                                       | -                                                                                    |   6.81 kB | 
spec-app-features-profile-services-profile.service.js                                   | spec-app-features-profile-services-profile.service                                   |   6.71 kB | 
chunk-L65YRBC3.js                                                                       | -                                                                                    |   6.57 kB | 
spec-app-core-services-analytics-analytics-router.provider.js                           | spec-app-core-services-analytics-analytics-router.provider                           |   6.55 kB | 
chunk-DTIAKCXB.js                                                                       | -                                                                                    |   6.44 kB | 
spec-app-features-modules-state-modules.store.js                                        | spec-app-features-modules-state-modules.store                                        |   6.38 kB | 
chunk-32UR3TBE.js                                                                       | -                                                                                    |   5.77 kB | 
spec-app-features-profile-components-profile-stats-card-profile-stats-card.component.js | spec-app-features-profile-components-profile-stats-card-profile-stats-card.component |   5.65 kB | 
spec-app-features-profile-state-profile.store.js                                        | spec-app-features-profile-state-profile.store                                        |   5.47 kB | 
spec-app-shared-components-button-content-button-content.component.js                   | spec-app-shared-components-button-content-button-content.component                   |   5.37 kB | 
chunk-XP2OTO3M.js                                                                       | -                                                                                    |   5.26 kB | 
chunk-OEL5UUZD.js                                                                       | -                                                                                    |   5.25 kB | 
chunk-TRO6PZYX.js                                                                       | -                                                                                    |   5.13 kB | 
spec-app-core-interceptors-csrf.interceptor.js                                          | spec-app-core-interceptors-csrf.interceptor                                          |   4.88 kB | 
chunk-4OLXX7JD.js                                                                       | -                                                                                    |   4.78 kB | 
chunk-A44TLS2P.js                                                                       | -                                                                                    |   4.74 kB | 
spec-app-core-services-analytics-analytics.provider.js                                  | spec-app-core-services-analytics-analytics.provider                                  |   4.67 kB | 
chunk-5I5DEIF6.js                                                                       | -                                                                                    |   4.57 kB | 
spec-app-core-services-logger-logger.service.js                                         | spec-app-core-services-logger-logger.service                                         |   4.54 kB | 
chunk-TMMOCNPA.js                                                                       | -                                                                                    |   4.42 kB | 
spec-app-core-auth-guards-auth.guard.js                                                 | spec-app-core-auth-guards-auth.guard                                                 |   4.38 kB | 
spec-app-shared-components-tabs-tabs.logic.js                                           | spec-app-shared-components-tabs-tabs.logic                                           |   4.07 kB | 
spec-app-shared-components-input-label-input-label.component.js                         | spec-app-shared-components-input-label-input-label.component                         |   4.05 kB | 
chunk-JR2HZMR4.js                                                                       | -                                                                                    |   3.91 kB | 
spec-app-shared-components-toast-toast-container.component.js                           | spec-app-shared-components-toast-toast-container.component                           |   3.86 kB | 
spec-app-app.js                                                                         | spec-app-app                                                                         |   3.75 kB | 
spec-app-core-services-analytics-providers-console-analytics.provider.js                | spec-app-core-services-analytics-providers-console-analytics.provider                |   3.58 kB | 
chunk-4MTFUQN7.js                                                                       | -                                                                                    |   3.44 kB | 
chunk-IDQNMSYL.js                                                                       | -                                                                                    |   3.43 kB | 
spec-app-features-architecture-services-architecture.service.js                         | spec-app-features-architecture-services-architecture.service                         |   3.23 kB | 
chunk-BH7QNWOI.js                                                                       | -                                                                                    |   3.23 kB | 
spec-app-core-auth-guards-guest.guard.js                                                | spec-app-core-auth-guards-guest.guard                                                |   3.20 kB | 
spec-app-features-modules-services-modules.service.js                                   | spec-app-features-modules-services-modules.service                                   |   3.20 kB | 
spec-app-core-config-environment.token.js                                               | spec-app-core-config-environment.token                                               |   3.17 kB | 
chunk-3M45DXPV.js                                                                       | -                                                                                    |   3.13 kB | 
chunk-GUQALZOJ.js                                                                       | -                                                                                    |   3.04 kB | 
chunk-B3AVJGZP.js                                                                       | -                                                                                    |   3.01 kB | 
chunk-6PMZ2DEM.js                                                                       | -                                                                                    |   2.99 kB | 
spec-app-core-error-handling-error-notification.service.js                              | spec-app-core-error-handling-error-notification.service                              |   2.97 kB | 
spec-app-core-services-storage-secure-storage.service.js                                | spec-app-core-services-storage-secure-storage.service                                |   2.95 kB | 
spec-app-core-layout-footer-footer.component.js                                         | spec-app-core-layout-footer-footer.component                                         |   2.72 kB | 
spec-app-features-home-state-dashboard.store.js                                         | spec-app-features-home-state-dashboard.store                                         |   2.58 kB | 
spec-app-core-services-storage-crypto.service.js                                        | spec-app-core-services-storage-crypto.service                                        |   2.55 kB | 
chunk-6BX6RYZX.js                                                                       | -                                                                                    |   2.29 kB | 
spec-app-core-services-analytics-analytics-loader.service.js                            | spec-app-core-services-analytics-analytics-loader.service                            |   2.20 kB | 
chunk-WYJZA6NI.js                                                                       | -                                                                                    |   2.18 kB | 
spec-app-shared-services-unique-id-unique-id.service.js                                 | spec-app-shared-services-unique-id-unique-id.service                                 |   2.11 kB | 
chunk-C24PH2DI.js                                                                       | -                                                                                    |   2.02 kB | 
chunk-KEDKNI3N.js                                                                       | -                                                                                    |   1.99 kB | 
spec-app-features-home-services-dashboard.service.js                                    | spec-app-features-home-services-dashboard.service                                    |   1.92 kB | 
spec-app-shared-components-input-footer-input-footer.component.js                       | spec-app-shared-components-input-footer-input-footer.component                       |   1.90 kB | 
chunk-RR23X3L6.js                                                                       | -                                                                                    |   1.76 kB | 
chunk-NZI3T2SM.js                                                                       | -                                                                                    |   1.73 kB | 
chunk-6HXPVQYP.js                                                                       | -                                                                                    |   1.60 kB | 
spec-app-core-services-security-csrf-token.service.js                                   | spec-app-core-services-security-csrf-token.service                                   |   1.47 kB | 
chunk-4T7OSOA2.js                                                                       | -                                                                                    |   1.47 kB | 
chunk-VFB2CTXS.js                                                                       | -                                                                                    |   1.44 kB | 
chunk-ZRNFBPHV.js                                                                       | -                                                                                    |   1.27 kB | 
chunk-MPPMQMWJ.js                                                                       | -                                                                                    |   1.24 kB | 
chunk-5W7CYV3K.js                                                                       | -                                                                                    |   1.24 kB | 
chunk-IN7CS6FV.js                                                                       | -                                                                                    |   1.20 kB | 
init-testbed.js                                                                         | init-testbed                                                                         |   1.20 kB | 
chunk-AKJKV5AY.js                                                                       | -                                                                                    |   1.15 kB | 
chunk-BLGXI5AP.js                                                                       | -                                                                                    |   1.01 kB | 
chunk-5ZGN2CRZ.js                                                                       | -                                                                                    | 924 bytes | 
chunk-H7FJE4SX.js                                                                       | -                                                                                    | 907 bytes | 
chunk-QYHHAXE4.js                                                                       | -                                                                                    | 688 bytes | 
chunk-NPGDKDSR.js                                                                       | -                                                                                    | 457 bytes | 
chunk-OEIWI5MR.js                                                                       | -                                                                                    | 411 bytes | 
chunk-LZUUA6ZR.js                                                                       | -                                                                                    | 258 bytes | 
chunk-36K2BWHN.js                                                                       | -                                                                                    |  43 bytes | 
chunk-4GCKHTH5.js                                                                       | -                                                                                    |  43 bytes | 
chunk-SEA6KFO7.js                                                                       | -                                                                                    |  43 bytes | 
chunk-5ZTFM4T3.js                                                                       | -                                                                                    |  43 bytes | 
chunk-PLR5ZFLE.js                                                                       | -                                                                                    |  43 bytes | 
chunk-A3QVYPDB.js                                                                       | -                                                                                    |  43 bytes | 
chunk-7F572DR5.js                                                                       | -                                                                                    |  43 bytes | 
chunk-P5S3P3CK.js                                                                       | -                                                                                    |  43 bytes | 
chunk-QRUHJ3V5.js                                                                       | -                                                                                    |  43 bytes | 
chunk-BZABZB2L.js                                                                       | -                                                                                    |  43 bytes | 

                                                                                        | Initial total                                                                        |   1.85 MB

Application bundle generation complete. [8.358 seconds] - 2025-12-29T16:20:30.568Z


[1m[46m RUN [49m[22m [36mv4.0.16 [39m[90m/home/jay/Repos/angular-enterprise-blueprint[39m

[90mstdout[2m | src/app/core/auth/strategies/mock-auth.strategy.spec.ts[2m > [22m[2mMockAuthStrategy[2m > [22m[2mlogin[2m > [22m[2mshould login successfully with demo username
[22m[39m[MockAuth] Login attempt { username: [32m'demo'[39m }
[MockAuth] Login successful { userId: [32m'user-001'[39m, username: [32m'demo'[39m }

[90mstdout[2m | src/app/core/auth/strategies/mock-auth.strategy.spec.ts[2m > [22m[2mMockAuthStrategy[2m > [22m[2mlogin[2m > [22m[2mshould login successfully with admin username
[22m[39m[MockAuth] Login attempt { username: [32m'admin'[39m }
[MockAuth] Login successful { userId: [32m'admin-001'[39m, username: [32m'admin'[39m }

[90mstdout[2m | src/app/core/auth/strategies/mock-auth.strategy.spec.ts[2m > [22m[2mMockAuthStrategy[2m > [22m[2mlogin[2m > [22m[2mshould be case-insensitive for username
[22m[39m[MockAuth] Login attempt { username: [32m'DEMO'[39m }
[MockAuth] Login successful { userId: [32m'user-001'[39m, username: [32m'demo'[39m }

[90mstderr[2m | src/app/shared/components/select/select.component.spec.ts[2m > [22m[2mSelectComponent[2m > [22m[2mSearch Functionality[2m > [22m[2mshould filter options based on search query
[22m[39mNo icon named heroMagnifyingGlass was found. You may need to import it using the withIcons function.

[90mstderr[2m | src/app/shared/components/select/select.component.spec.ts[2m > [22m[2mSelectComponent[2m > [22m[2mSearch Functionality[2m > [22m[2mshould filter options by label
[22m[39mNo icon named heroMagnifyingGlass was found. You may need to import it using the withIcons function.

[90mstderr[2m | src/app/shared/components/select/select.component.spec.ts[2m > [22m[2mSelectComponent[2m > [22m[2mSearch Functionality[2m > [22m[2mshould filter options by description
[22m[39mNo icon named heroMagnifyingGlass was found. You may need to import it using the withIcons function.

[90mstderr[2m | src/app/shared/components/select/select.component.spec.ts[2m > [22m[2mSelectComponent[2m > [22m[2mSearch Functionality[2m > [22m[2mshould return all options when search query is empty
[22m[39mNo icon named heroMagnifyingGlass was found. You may need to import it using the withIcons function.

[90mstderr[2m | src/app/shared/components/select/select.component.spec.ts[2m > [22m[2mSelectComponent[2m > [22m[2mSearch Functionality[2m > [22m[2mshould be case insensitive
[22m[39mNo icon named heroMagnifyingGlass was found. You may need to import it using the withIcons function.

[90mstdout[2m | src/app/core/auth/strategies/mock-auth.strategy.spec.ts[2m > [22m[2mMockAuthStrategy[2m > [22m[2mlogin[2m > [22m[2mshould trim whitespace from username
[22m[39m[MockAuth] Login attempt { username: [32m'  demo  '[39m }
[MockAuth] Login successful { userId: [32m'user-001'[39m, username: [32m'demo'[39m }

[90mstdout[2m | src/app/core/auth/strategies/mock-auth.strategy.spec.ts[2m > [22m[2mMockAuthStrategy[2m > [22m[2mlogin[2m > [22m[2mshould store session in secure storage after login
[22m[39m[MockAuth] Login attempt { username: [32m'demo'[39m }
[MockAuth] Login successful { userId: [32m'user-001'[39m, username: [32m'demo'[39m }

 [32m✓[39m [30m[43m angular-enterprise-blueprint [49m[39m src/app/core/layout/main-layout/main-layout.component.spec.ts [2m([22m[2m19 tests[22m[2m)[22m[33m 3059[2mms[22m[39m
     [33m[2m✓[22m[39m should create [33m 393[2mms[22m[39m
[90mstderr[2m | src/app/shared/components/select/select.component.spec.ts[2m > [22m[2mSelectComponent[2m > [22m[2mEdge Cases[2m > [22m[2mshould handle selecting from filtered results
[22m[39mNo icon named heroMagnifyingGlass was found. You may need to import it using the withIcons function.

 [32m✓[39m [30m[43m angular-enterprise-blueprint [49m[39m src/app/shared/components/theme-picker/theme-picker.component.spec.ts [2m([22m[2m53 tests[22m[2m)[22m[33m 3647[2mms[22m[39m
[90mstderr[2m | src/app/shared/components/select/select.component.spec.ts[2m > [22m[2mSelectComponent[2m > [22m[2mBranch Coverage Improvements[2m > [22m[2mshould focus search input when opening in searchable mode
[22m[39mNo icon named heroMagnifyingGlass was found. You may need to import it using the withIcons function.

 [32m✓[39m [30m[43m angular-enterprise-blueprint [49m[39m src/app/shared/components/select/select.component.spec.ts [2m([22m[2m74 tests[22m[2m)[22m[33m 3767[2mms[22m[39m
[90mstdout[2m | src/app/core/auth/strategies/mock-auth.strategy.spec.ts[2m > [22m[2mMockAuthStrategy[2m > [22m[2mlogin[2m > [22m[2mshould generate a JWT-like token
[22m[39m[MockAuth] Login attempt { username: [32m'demo'[39m }
[MockAuth] Login successful { userId: [32m'user-001'[39m, username: [32m'demo'[39m }

 [32m✓[39m [30m[43m angular-enterprise-blueprint [49m[39m src/app/features/home/home.component.spec.ts [2m([22m[2m25 tests[22m[2m)[22m[33m 4210[2mms[22m[39m
     [33m[2m✓[22m[39m should create [33m 489[2mms[22m[39m
     [33m[2m✓[22m[39m should load metrics and visitors on init [33m 338[2mms[22m[39m
[90mstdout[2m | src/app/core/auth/strategies/mock-auth.strategy.spec.ts[2m > [22m[2mMockAuthStrategy[2m > [22m[2mlogin[2m > [22m[2mshould reject invalid credentials
[22m[39m[MockAuth] Login attempt { username: [32m'invalid'[39m }

[90mstderr[2m | src/app/core/auth/strategies/mock-auth.strategy.spec.ts[2m > [22m[2mMockAuthStrategy[2m > [22m[2mlogin[2m > [22m[2mshould reject invalid credentials
[22m[39m[MockAuth] Invalid credentials { username: [32m'invalid'[39m }

[90mstdout[2m | src/app/core/auth/strategies/mock-auth.strategy.spec.ts[2m > [22m[2mMockAuthStrategy[2m > [22m[2mlogin[2m > [22m[2mshould log login attempt
[22m[39m[MockAuth] Login attempt { username: [32m'demo'[39m }
[MockAuth] Login successful { userId: [32m'user-001'[39m, username: [32m'demo'[39m }

 [32m✓[39m [30m[43m angular-enterprise-blueprint [49m[39m src/app/shared/components/checkbox/checkbox.component.spec.ts [2m([22m[2m74 tests[22m[2m)[22m[33m 1949[2mms[22m[39m
[90mstdout[2m | src/app/core/auth/strategies/mock-auth.strategy.spec.ts[2m > [22m[2mMockAuthStrategy[2m > [22m[2mlogin[2m > [22m[2mshould log successful login
[22m[39m[MockAuth] Login attempt { username: [32m'demo'[39m }
[MockAuth] Login successful { userId: [32m'user-001'[39m, username: [32m'demo'[39m }

 [32m✓[39m [30m[43m angular-enterprise-blueprint [49m[39m src/app/shared/components/skeleton/skeleton.component.spec.ts [2m([22m[2m63 tests[22m[2m)[22m[33m 1909[2mms[22m[39m
 [32m✓[39m [30m[43m angular-enterprise-blueprint [49m[39m src/app/shared/components/textarea/textarea.component.spec.ts [2m([22m[2m91 tests[22m[2m)[22m[33m 1831[2mms[22m[39m
 [32m✓[39m [30m[43m angular-enterprise-blueprint [49m[39m src/app/features/auth/login/login.component.spec.ts [2m([22m[2m25 tests[22m[2m)[22m[33m 1692[2mms[22m[39m
[90mstdout[2m | src/app/core/auth/strategies/mock-auth.strategy.spec.ts[2m > [22m[2mMockAuthStrategy[2m > [22m[2mlogin[2m > [22m[2mshould log invalid credentials warning
[22m[39m[MockAuth] Login attempt { username: [32m'invalid'[39m }

[90mstderr[2m | src/app/core/auth/strategies/mock-auth.strategy.spec.ts[2m > [22m[2mMockAuthStrategy[2m > [22m[2mlogin[2m > [22m[2mshould log invalid credentials warning
[22m[39m[MockAuth] Invalid credentials { username: [32m'invalid'[39m }

[90mstdout[2m | src/app/core/auth/strategies/mock-auth.strategy.spec.ts[2m > [22m[2mMockAuthStrategy[2m > [22m[2mlogout[2m > [22m[2mshould clear session from secure storage
[22m[39m[MockAuth] Login attempt { username: [32m'demo'[39m }
[MockAuth] Login successful { userId: [32m'user-001'[39m, username: [32m'demo'[39m }

[90mstderr[2m | src/app/shared/components/tab-button/tab-button.component.spec.ts[2m > [22m[2mTabButtonComponent[2m > [22m[2mDOM Rendering[2m > [22m[2mshould render icon when provided
[22m[39mNo icon named heroHome was found. You may need to import it using the withIcons function.

[90mstderr[2m | src/app/shared/components/tab-button/tab-button.component.spec.ts[2m > [22m[2mTabButtonComponent[2m > [22m[2mDOM Rendering[2m > [22m[2mshould set icon decorative attribute
[22m[39mNo icon named heroCog6Tooth was found. You may need to import it using the withIcons function.

[90mstderr[2m | src/app/shared/components/tab-button/tab-button.component.spec.ts[2m > [22m[2mTabButtonComponent[2m > [22m[2mDOM Rendering[2m > [22m[2mshould apply tabs__tab-icon class to icon
[22m[39mNo icon named heroHome was found. You may need to import it using the withIcons function.

 [32m✓[39m [30m[43m angular-enterprise-blueprint [49m[39m src/app/core/layout/header/header.component.spec.ts [2m([22m[2m16 tests[22m[2m)[22m[33m 1422[2mms[22m[39m
[90mstderr[2m | src/app/shared/components/tab-button/tab-button.component.spec.ts[2m > [22m[2mTabButtonComponent[2m > [22m[2mIcon and Label Rendering[2m > [22m[2mshould render both icon and label
[22m[39mNo icon named heroHome was found. You may need to import it using the withIcons function.

[90mstderr[2m | src/app/shared/components/tab-button/tab-button.component.spec.ts[2m > [22m[2mTabButtonComponent[2m > [22m[2mIcon and Label Rendering[2m > [22m[2mshould render icon before label in DOM
[22m[39mNo icon named heroHome was found. You may need to import it using the withIcons function.

 [32m✓[39m [30m[43m angular-enterprise-blueprint [49m[39m src/app/shared/components/tab-button/tab-button.component.spec.ts [2m([22m[2m49 tests[22m[2m)[22m[33m 1464[2mms[22m[39m
[90mstdout[2m | src/app/core/auth/strategies/mock-auth.strategy.spec.ts[2m > [22m[2mMockAuthStrategy[2m > [22m[2mlogout[2m > [22m[2mshould clear session from secure storage
[22m[39m[MockAuth] Logout

 [32m✓[39m [30m[43m angular-enterprise-blueprint [49m[39m src/app/shared/components/modal/modal.component.spec.ts [2m([22m[2m54 tests[22m[2m)[22m[33m 1512[2mms[22m[39m
[90mstderr[2m | src/app/shared/components/select/select-dropdown/select-dropdown.component.spec.ts[2m > [22m[2mSelectDropdownComponent[2m > [22m[2mSearch Input[2m > [22m[2mshould render search input when searchable is true
[22m[39mNo icon named heroMagnifyingGlass was found. You may need to import it using the withIcons function.

[90mstderr[2m | src/app/shared/components/select/select-dropdown/select-dropdown.component.spec.ts[2m > [22m[2mSelectDropdownComponent[2m > [22m[2mSearch Input[2m > [22m[2mshould have correct placeholder
[22m[39mNo icon named heroMagnifyingGlass was found. You may need to import it using the withIcons function.

[90mstderr[2m | src/app/shared/components/select/select-dropdown/select-dropdown.component.spec.ts[2m > [22m[2mSelectDropdownComponent[2m > [22m[2mSearch Input[2m > [22m[2mshould display search query value
[22m[39mNo icon named heroMagnifyingGlass was found. You may need to import it using the withIcons function.

[90mstderr[2m | src/app/shared/components/select/select-dropdown/select-dropdown.component.spec.ts[2m > [22m[2mSelectDropdownComponent[2m > [22m[2mSearch Input[2m > [22m[2mshould emit searchInput on input event
[22m[39mNo icon named heroMagnifyingGlass was found. You may need to import it using the withIcons function.

[90mstderr[2m | src/app/shared/components/tabs/tabs.component.spec.ts[2m > [22m[2mTabsComponent with Icons[2m > [22m[2mIcon Rendering[2m > [22m[2mshould render icons in tabs that have them
[22m[39mNo icon named heroHome was found. You may need to import it using the withIcons function.
No icon named heroCog6Tooth was found. You may need to import it using the withIcons function.

[90mstderr[2m | src/app/shared/components/select/select-dropdown/select-dropdown.component.spec.ts[2m > [22m[2mSelectDropdownComponent[2m > [22m[2mSearch Input[2m > [22m[2mshould emit searchKeydown on keydown event
[22m[39mNo icon named heroMagnifyingGlass was found. You may need to import it using the withIcons function.

[90mstderr[2m | src/app/shared/components/select/select-dropdown/select-dropdown.component.spec.ts[2m > [22m[2mSelectDropdownComponent[2m > [22m[2mSearch Input[2m > [22m[2mshould render search icon
[22m[39mNo icon named heroMagnifyingGlass was found. You may need to import it using the withIcons function.

[90mstderr[2m | src/app/shared/components/tabs/tabs.component.spec.ts[2m > [22m[2mTabsComponent with Icons[2m > [22m[2mIcon Rendering[2m > [22m[2mshould render eb-icon component for tabs with icons
[22m[39mNo icon named heroHome was found. You may need to import it using the withIcons function.
No icon named heroCog6Tooth was found. You may need to import it using the withIcons function.

[90mstdout[2m | src/app/core/auth/strategies/mock-auth.strategy.spec.ts[2m > [22m[2mMockAuthStrategy[2m > [22m[2mlogout[2m > [22m[2mshould log logout
[22m[39m[MockAuth] Logout

[90mstderr[2m | src/app/shared/components/tabs/tabs.component.spec.ts[2m > [22m[2mTabsComponent with Icons[2m > [22m[2mIcon Rendering[2m > [22m[2mshould not render icons for tabs without them
[22m[39mNo icon named heroHome was found. You may need to import it using the withIcons function.
No icon named heroCog6Tooth was found. You may need to import it using the withIcons function.

[90mstderr[2m | src/app/shared/components/tabs/tabs.component.spec.ts[2m > [22m[2mTabsComponent with Icons[2m > [22m[2mIcon Rendering[2m > [22m[2mshould render icon before label
[22m[39mNo icon named heroHome was found. You may need to import it using the withIcons function.
No icon named heroCog6Tooth was found. You may need to import it using the withIcons function.

[90mstderr[2m | src/app/shared/components/tabs/tabs.component.spec.ts[2m > [22m[2mTabsComponent with Icons[2m > [22m[2mIcon Rendering[2m > [22m[2mshould apply decorative attribute to icons
[22m[39mNo icon named heroHome was found. You may need to import it using the withIcons function.
No icon named heroCog6Tooth was found. You may need to import it using the withIcons function.

[90mstderr[2m | src/app/shared/components/tabs/tabs.component.spec.ts[2m > [22m[2mTabsComponent with Icons[2m > [22m[2mIcon Rendering[2m > [22m[2mshould apply small size to icons
[22m[39mNo icon named heroHome was found. You may need to import it using the withIcons function.
No icon named heroCog6Tooth was found. You may need to import it using the withIcons function.

 [32m✓[39m [30m[43m angular-enterprise-blueprint [49m[39m src/app/shared/components/toast/toast.component.spec.ts [2m([22m[2m45 tests[22m[2m)[22m[33m 1535[2mms[22m[39m
[90mstderr[2m | src/app/shared/components/tabs/tabs.component.spec.ts[2m > [22m[2mTabsComponent with Icons[2m > [22m[2mIcon Rendering[2m > [22m[2mshould switch tabs with icons correctly
[22m[39mNo icon named heroHome was found. You may need to import it using the withIcons function.
No icon named heroCog6Tooth was found. You may need to import it using the withIcons function.

[90mstderr[2m | src/app/shared/components/tabs/tabs.component.spec.ts[2m > [22m[2mTabsComponent with Icons[2m > [22m[2mIcon Rendering[2m > [22m[2mshould maintain icon rendering when tab becomes active
[22m[39mNo icon named heroHome was found. You may need to import it using the withIcons function.
No icon named heroCog6Tooth was found. You may need to import it using the withIcons function.

[90mstderr[2m | src/app/shared/components/tabs/tabs.component.spec.ts[2m > [22m[2mTabsComponent with Icons[2m > [22m[2mMixed Tabs (With and Without Icons)[2m > [22m[2mshould handle tabs with and without icons together
[22m[39mNo icon named heroHome was found. You may need to import it using the withIcons function.
No icon named heroCog6Tooth was found. You may need to import it using the withIcons function.

[90mstderr[2m | src/app/shared/components/tabs/tabs.component.spec.ts[2m > [22m[2mTabsComponent with Icons[2m > [22m[2mMixed Tabs (With and Without Icons)[2m > [22m[2mshould render labels for all tabs regardless of icons
[22m[39mNo icon named heroHome was found. You may need to import it using the withIcons function.
No icon named heroCog6Tooth was found. You may need to import it using the withIcons function.

[90mstderr[2m | src/app/shared/components/select/select-dropdown/select-dropdown.component.spec.ts[2m > [22m[2mSelectDropdownComponent[2m > [22m[2mViewChild Reference[2m > [22m[2mshould provide access to native search input when searchable
[22m[39mNo icon named heroMagnifyingGlass was found. You may need to import it using the withIcons function.

[90mstderr[2m | src/app/shared/components/tabs/tabs.component.spec.ts[2m > [22m[2mTabsComponent with Icons[2m > [22m[2mMixed Tabs (With and Without Icons)[2m > [22m[2mshould apply correct accessibility attributes for all tabs
[22m[39mNo icon named heroHome was found. You may need to import it using the withIcons function.
No icon named heroCog6Tooth was found. You may need to import it using the withIcons function.

[90mstderr[2m | src/app/shared/components/select/select-dropdown/select-dropdown.component.spec.ts[2m > [22m[2mSelectDropdownComponent[2m > [22m[2mSignal Input Edge Cases[2m > [22m[2mshould handle searchable toggling
[22m[39mNo icon named heroMagnifyingGlass was found. You may need to import it using the withIcons function.

 [31m❯[39m [30m[43m angular-enterprise-blueprint [49m[39m src/app/features/profile/profile.component.spec.ts [2m([22m[2m44 tests[22m[2m | [22m[31m1 failed[39m[2m)[22m[33m 7962[2mms[22m[39m
     [33m[2m✓[22m[39m should create [33m 700[2mms[22m[39m
     [33m[2m✓[22m[39m should load stats on initialization [33m 434[2mms[22m[39m
       [32m✓[39m should render header with correct title[32m 261[2mms[22m[39m
       [32m✓[39m should render header with correct subtitle[32m 199[2mms[22m[39m
       [32m✓[39m should render header element[32m 216[2mms[22m[39m
       [32m✓[39m should render grid component with correct configuration[32m 162[2mms[22m[39m
       [32m✓[39m should have left and right columns[32m 205[2mms[22m[39m
       [32m✓[39m should render bio card[32m 179[2mms[22m[39m
       [32m✓[39m should display bio title[32m 182[2mms[22m[39m
       [32m✓[39m should display bio content[32m 202[2mms[22m[39m
       [32m✓[39m should display bio focus text[32m 172[2mms[22m[39m
       [32m✓[39m should render tech stack card[32m 240[2mms[22m[39m
       [32m✓[39m should display tech stack title[32m 154[2mms[22m[39m
       [32m✓[39m should have two tech sections (primary and secondary)[32m 147[2mms[22m[39m
       [32m✓[39m should display primary tech subtitle[32m 152[2mms[22m[39m
       [32m✓[39m should display secondary tech subtitle[32m 110[2mms[22m[39m
       [32m✓[39m should render all primary tech badges[32m 154[2mms[22m[39m
       [32m✓[39m should render all secondary tech badges[32m 163[2mms[22m[39m
       [32m✓[39m should have correct primary tech values[32m 165[2mms[22m[39m
       [32m✓[39m should have correct secondary tech values[32m 126[2mms[22m[39m
       [32m✓[39m should render resume actions container[32m 232[2mms[22m[39m
       [32m✓[39m should render download link with correct href[32m 141[2mms[22m[39m
       [32m✓[39m should render download link with download attribute[32m 198[2mms[22m[39m
       [32m✓[39m should render download button with correct text[32m 139[2mms[22m[39m
       [32m✓[39m should render view resume button[32m 159[2mms[22m[39m
       [32m✓[39m should render download button icon[32m 125[2mms[22m[39m
       [32m✓[39m should render view button icon[32m 194[2mms[22m[39m
       [32m✓[39m should open modal when view button is clicked[32m 164[2mms[22m[39m
       [32m✓[39m should have correct resumePath value[32m 147[2mms[22m[39m
[31m       [31m×[31m should block invalid resume URLs[39m[32m 121[2mms[22m[39m
       [32m✓[39m should compute safe resume URL[32m 127[2mms[22m[39m
       [32m✓[39m should compute stats date range[32m 116[2mms[22m[39m
       [32m✓[39m should have date range spanning approximately 365 days[32m 140[2mms[22m[39m
       [32m✓[39m should render profile-stats-card with correct inputs[32m 241[2mms[22m[39m
       [32m✓[39m should call loadGitHubStats when retry is emitted from stats card[32m 121[2mms[22m[39m
       [32m✓[39m should initially have modal closed[32m 143[2mms[22m[39m
       [32m✓[39m should open the resume modal[32m 129[2mms[22m[39m
       [32m✓[39m should close the resume modal[32m 131[2mms[22m[39m
       [32m✓[39m should render modal component[32m 209[2mms[22m[39m
       [32m✓[39m should pass correct open state to modal[32m 139[2mms[22m[39m
       [32m✓[39m should render modal header with title when open[32m 132[2mms[22m[39m
       [32m✓[39m should render PDF embed object when modal is open[32m 144[2mms[22m[39m
       [32m✓[39m should have fallback download link in modal[32m 112[2mms[22m[39m
       [32m✓[39m should close modal when closed event is triggered[32m 128[2mms[22m[39m
[90mstderr[2m | src/app/shared/components/select/select-dropdown/select-dropdown.component.spec.ts[2m > [22m[2mSelectDropdownComponent[2m > [22m[2mSignal Input Edge Cases[2m > [22m[2mshould handle empty search query
[22m[39mNo icon named heroMagnifyingGlass was found. You may need to import it using the withIcons function.

[90mstdout[2m | src/app/core/auth/strategies/mock-auth.strategy.spec.ts[2m > [22m[2mMockAuthStrategy[2m > [22m[2mlogout[2m > [22m[2mshould complete successfully even without prior login
[22m[39m[MockAuth] Logout

[90mstderr[2m | src/app/shared/components/select/select-dropdown/select-dropdown.component.spec.ts[2m > [22m[2mSelectDropdownComponent[2m > [22m[2mSignal Input Edge Cases[2m > [22m[2mshould handle special characters in search query
[22m[39mNo icon named heroMagnifyingGlass was found. You may need to import it using the withIcons function.

 [32m✓[39m [30m[43m angular-enterprise-blueprint [49m[39m src/app/shared/components/tabs/tabs.component.spec.ts [2m([22m[2m70 tests[22m[2m)[22m[33m 1215[2mms[22m[39m
[90mstderr[2m | src/app/shared/components/select/select-dropdown/select-dropdown.component.spec.ts[2m > [22m[2mSelectDropdownComponent[2m > [22m[2mEvent Emission Validation[2m > [22m[2mshould emit search events with correct data
[22m[39mNo icon named heroMagnifyingGlass was found. You may need to import it using the withIcons function.

 [32m✓[39m [30m[43m angular-enterprise-blueprint [49m[39m src/app/shared/components/select/select-dropdown/select-dropdown.component.spec.ts [2m([22m[2m59 tests[22m[2m)[22m[33m 1041[2mms[22m[39m
 [32m✓[39m [30m[43m angular-enterprise-blueprint [49m[39m src/app/features/contact/contact.component.spec.ts [2m([22m[2m56 tests[22m[2m)[22m[33m 8294[2mms[22m[39m
     [33m[2m✓[22m[39m should create [33m 550[2mms[22m[39m
       [33m[2m✓[22m[39m should render email link [33m 304[2mms[22m[39m
[90mstdout[2m | src/app/core/auth/strategies/mock-auth.strategy.spec.ts[2m > [22m[2mMockAuthStrategy[2m > [22m[2mcheckSession[2m > [22m[2mshould return user when valid session exists
[22m[39m[MockAuth] Login attempt { username: [32m'demo'[39m }
[MockAuth] Login successful { userId: [32m'user-001'[39m, username: [32m'demo'[39m }

 [32m✓[39m [30m[43m angular-enterprise-blueprint [49m[39m src/app/shared/components/divider/divider.component.spec.ts [2m([22m[2m68 tests[22m[2m)[22m[33m 1257[2mms[22m[39m
[90mstderr[2m | src/app/shared/components/breadcrumb/breadcrumb.component.spec.ts[2m > [22m[2mBreadcrumbComponent[2m > [22m[2mInput Handling - Items[2m > [22m[2mshould handle items with icons
[22m[39mNo icon named heroFolder was found. You may need to import it using the withIcons function.

 [32m✓[39m [30m[43m angular-enterprise-blueprint [49m[39m src/app/shared/components/radio/radio.component.spec.ts [2m([22m[2m72 tests[22m[2m)[22m[33m 1116[2mms[22m[39m
 [32m✓[39m [30m[43m angular-enterprise-blueprint [49m[39m src/app/shared/components/input/input.component.spec.ts [2m([22m[2m74 tests[22m[2m)[22m[33m 979[2mms[22m[39m
[90mstdout[2m | src/app/core/auth/strategies/mock-auth.strategy.spec.ts[2m > [22m[2mMockAuthStrategy[2m > [22m[2mcheckSession[2m > [22m[2mshould return user when valid session exists
[22m[39m[MockAuth] Checking session
[MockAuth] Session restored { userId: [32m'user-001'[39m }

 [32m✓[39m [30m[43m angular-enterprise-blueprint [49m[39m src/app/shared/components/button/button.component.spec.ts [2m([22m[2m73 tests[22m[2m)[22m[33m 1219[2mms[22m[39m
 [32m✓[39m [30m[43m angular-enterprise-blueprint [49m[39m src/app/shared/components/breadcrumb/breadcrumb.component.spec.ts [2m([22m[2m49 tests[22m[2m)[22m[33m 922[2mms[22m[39m
 [32m✓[39m [30m[43m angular-enterprise-blueprint [49m[39m src/app/shared/components/select/select-button/select-button.component.spec.ts [2m([22m[2m42 tests[22m[2m)[22m[33m 932[2mms[22m[39m
 [32m✓[39m [30m[43m angular-enterprise-blueprint [49m[39m src/app/shared/components/language-switcher/language-switcher.component.spec.ts [2m([22m[2m33 tests[22m[2m)[22m[33m 648[2mms[22m[39m
[90mstdout[2m | src/app/core/auth/strategies/mock-auth.strategy.spec.ts[2m > [22m[2mMockAuthStrategy[2m > [22m[2mcheckSession[2m > [22m[2mshould return null when no session exists
[22m[39m[MockAuth] Checking session
[MockAuth] No valid session found

 [32m✓[39m [30m[43m angular-enterprise-blueprint [49m[39m src/app/features/modules/modules.component.spec.ts [2m([22m[2m39 tests[22m[2m)[22m[33m 948[2mms[22m[39m
 [32m✓[39m [30m[43m angular-enterprise-blueprint [49m[39m src/app/shared/components/select/select-option/select-option.component.spec.ts [2m([22m[2m49 tests[22m[2m)[22m[33m 487[2mms[22m[39m
 [32m✓[39m [30m[43m angular-enterprise-blueprint [49m[39m src/app/shared/components/badge/badge.component.spec.ts [2m([22m[2m57 tests[22m[2m)[22m[33m 460[2mms[22m[39m
 [32m✓[39m [30m[43m angular-enterprise-blueprint [49m[39m src/app/shared/components/card/card.component.spec.ts [2m([22m[2m48 tests[22m[2m)[22m[33m 769[2mms[22m[39m
[90mstdout[2m | src/app/core/auth/strategies/mock-auth.strategy.spec.ts[2m > [22m[2mMockAuthStrategy[2m > [22m[2mcheckSession[2m > [22m[2mshould return null when only token exists without user
[22m[39m[MockAuth] Checking session
[MockAuth] No valid session found

 [32m✓[39m [30m[43m angular-enterprise-blueprint [49m[39m src/app/shared/components/grid/grid.component.spec.ts [2m([22m[2m56 tests[22m[2m)[22m[33m 398[2mms[22m[39m
 [32m✓[39m [30m[43m angular-enterprise-blueprint [49m[39m src/app/shared/components/stack/stack.component.spec.ts [2m([22m[2m52 tests[22m[2m)[22m[33m 503[2mms[22m[39m
[90mstderr[2m | src/app/shared/components/icon/icon.component.spec.ts[2m > [22m[2mIconComponent[2m > [22m[2mInput Handling - Name[2m > [22m[2mshould accept different icon names
[22m[39mNo icon named heroHome was found. You may need to import it using the withIcons function.
No icon named heroUser was found. You may need to import it using the withIcons function.
No icon named heroMagnifyingGlass was found. You may need to import it using the withIcons function.
No icon named heroCog6Tooth was found. You may need to import it using the withIcons function.

[90mstderr[2m | src/app/shared/components/icon/icon.component.spec.ts[2m > [22m[2mIconComponent[2m > [22m[2mInput Handling - Size[2m > [22m[2mshould have default size as md
[22m[39mNo icon named heroHome was found. You may need to import it using the withIcons function.

[90mstderr[2m | src/app/shared/components/icon/icon.component.spec.ts[2m > [22m[2mIconComponent[2m > [22m[2mInput Handling - Size[2m > [22m[2mshould apply custom size
[22m[39mNo icon named heroHome was found. You may need to import it using the withIcons function.

[90mstderr[2m | src/app/shared/components/icon/icon.component.spec.ts[2m > [22m[2mIconComponent[2m > [22m[2mInput Handling - Color[2m > [22m[2mshould have default color as current
[22m[39mNo icon named heroHome was found. You may need to import it using the withIcons function.

[90mstderr[2m | src/app/shared/components/icon/icon.component.spec.ts[2m > [22m[2mIconComponent[2m > [22m[2mInput Handling - Color[2m > [22m[2mshould apply custom color
[22m[39mNo icon named heroHome was found. You may need to import it using the withIcons function.

[90mstderr[2m | src/app/shared/components/icon/icon.component.spec.ts[2m > [22m[2mIconComponent[2m > [22m[2mInput Handling - Decorative[2m > [22m[2mshould have default decorative as false
[22m[39mNo icon named heroHome was found. You may need to import it using the withIcons function.

[90mstderr[2m | src/app/shared/components/icon/icon.component.spec.ts[2m > [22m[2mIconComponent[2m > [22m[2mInput Handling - Decorative[2m > [22m[2mshould accept decorative true
[22m[39mNo icon named heroHome was found. You may need to import it using the withIcons function.

[90mstderr[2m | src/app/shared/components/icon/icon.component.spec.ts[2m > [22m[2mIconComponent[2m > [22m[2mInput Handling - ARIA Label[2m > [22m[2mshould have undefined ariaLabel by default
[22m[39mNo icon named heroHome was found. You may need to import it using the withIcons function.

[90mstderr[2m | src/app/shared/components/icon/icon.component.spec.ts[2m > [22m[2mIconComponent[2m > [22m[2mInput Handling - ARIA Label[2m > [22m[2mshould accept custom ariaLabel
[22m[39mNo icon named heroHome was found. You may need to import it using the withIcons function.

[90mstderr[2m | src/app/shared/components/icon/icon.component.spec.ts[2m > [22m[2mIconComponent[2m > [22m[2mInput Handling - Spin[2m > [22m[2mshould have default spin as false
[22m[39mNo icon named heroHome was found. You may need to import it using the withIcons function.

[90mstderr[2m | src/app/shared/components/icon/icon.component.spec.ts[2m > [22m[2mIconComponent[2m > [22m[2mInput Handling - Spin[2m > [22m[2mshould accept spin true
[22m[39mNo icon named heroHome was found. You may need to import it using the withIcons function.

[90mstderr[2m | src/app/shared/components/icon/icon.component.spec.ts[2m > [22m[2mIconComponent[2m > [22m[2mComputed Properties - Icon Size[2m > [22m[2mshould compute correct size for xs
[22m[39mNo icon named heroHome was found. You may need to import it using the withIcons function.

[90mstderr[2m | src/app/shared/components/icon/icon.component.spec.ts[2m > [22m[2mIconComponent[2m > [22m[2mComputed Properties - Icon Size[2m > [22m[2mshould compute correct size for sm
[22m[39mNo icon named heroHome was found. You may need to import it using the withIcons function.

[90mstdout[2m | src/app/core/auth/strategies/mock-auth.strategy.spec.ts[2m > [22m[2mMockAuthStrategy[2m > [22m[2mcheckSession[2m > [22m[2mshould return null when only user exists without token
[22m[39m[MockAuth] Checking session
[MockAuth] No valid session found

[90mstderr[2m | src/app/shared/components/icon/icon.component.spec.ts[2m > [22m[2mIconComponent[2m > [22m[2mComputed Properties - Icon Size[2m > [22m[2mshould compute correct size for md
[22m[39mNo icon named heroHome was found. You may need to import it using the withIcons function.

[90mstderr[2m | src/app/shared/components/icon/icon.component.spec.ts[2m > [22m[2mIconComponent[2m > [22m[2mComputed Properties - Icon Size[2m > [22m[2mshould compute correct size for lg
[22m[39mNo icon named heroHome was found. You may need to import it using the withIcons function.

[90mstderr[2m | src/app/shared/components/icon/icon.component.spec.ts[2m > [22m[2mIconComponent[2m > [22m[2mComputed Properties - Icon Size[2m > [22m[2mshould compute correct size for xl
[22m[39mNo icon named heroHome was found. You may need to import it using the withIcons function.

[90mstderr[2m | src/app/shared/components/icon/icon.component.spec.ts[2m > [22m[2mIconComponent[2m > [22m[2mComputed Properties - Icon Size[2m > [22m[2mshould compute correct size for 2xl
[22m[39mNo icon named heroHome was found. You may need to import it using the withIcons function.

[90mstderr[2m | src/app/shared/components/icon/icon.component.spec.ts[2m > [22m[2mIconComponent[2m > [22m[2mComputed Properties - CSS Classes[2m > [22m[2mshould generate correct base classes
[22m[39mNo icon named heroHome was found. You may need to import it using the withIcons function.

[90mstderr[2m | src/app/shared/components/icon/icon.component.spec.ts[2m > [22m[2mIconComponent[2m > [22m[2mComputed Properties - CSS Classes[2m > [22m[2mshould include size class
[22m[39mNo icon named heroHome was found. You may need to import it using the withIcons function.

[90mstderr[2m | src/app/shared/components/icon/icon.component.spec.ts[2m > [22m[2mIconComponent[2m > [22m[2mComputed Properties - CSS Classes[2m > [22m[2mshould include color class when not current
[22m[39mNo icon named heroHome was found. You may need to import it using the withIcons function.

[90mstderr[2m | src/app/shared/components/icon/icon.component.spec.ts[2m > [22m[2mIconComponent[2m > [22m[2mComputed Properties - CSS Classes[2m > [22m[2mshould not include color class when current
[22m[39mNo icon named heroHome was found. You may need to import it using the withIcons function.

[90mstderr[2m | src/app/shared/components/icon/icon.component.spec.ts[2m > [22m[2mIconComponent[2m > [22m[2mComputed Properties - CSS Classes[2m > [22m[2mshould include spin class when spinning
[22m[39mNo icon named heroHome was found. You may need to import it using the withIcons function.

[90mstderr[2m | src/app/shared/components/icon/icon.component.spec.ts[2m > [22m[2mIconComponent[2m > [22m[2mComputed Properties - CSS Classes[2m > [22m[2mshould not include spin class when not spinning
[22m[39mNo icon named heroHome was found. You may need to import it using the withIcons function.

[90mstderr[2m | src/app/shared/components/icon/icon.component.spec.ts[2m > [22m[2mIconComponent[2m > [22m[2mComputed Properties - ARIA Hidden[2m > [22m[2mshould be undefined when not decorative
[22m[39mNo icon named heroHome was found. You may need to import it using the withIcons function.

[90mstderr[2m | src/app/shared/components/icon/icon.component.spec.ts[2m > [22m[2mIconComponent[2m > [22m[2mComputed Properties - ARIA Hidden[2m > [22m[2mshould be "true" when decorative
[22m[39mNo icon named heroHome was found. You may need to import it using the withIcons function.

 [32m✓[39m [30m[43m angular-enterprise-blueprint [49m[39m src/app/features/architecture/architecture.component.spec.ts [2m([22m[2m33 tests[22m[2m)[22m[33m 928[2mms[22m[39m
[90mstderr[2m | src/app/shared/components/icon/icon.component.spec.ts[2m > [22m[2mIconComponent[2m > [22m[2mDOM Rendering[2m > [22m[2mshould render icon wrapper element
[22m[39mNo icon named heroHome was found. You may need to import it using the withIcons function.

[90mstderr[2m | src/app/shared/components/icon/icon.component.spec.ts[2m > [22m[2mIconComponent[2m > [22m[2mDOM Rendering[2m > [22m[2mshould render ng-icon component
[22m[39mNo icon named heroHome was found. You may need to import it using the withIcons function.

 [32m✓[39m [30m[43m angular-enterprise-blueprint [49m[39m src/app/shared/components/form-field/form-field.component.spec.ts [2m([22m[2m57 tests[22m[2m)[22m[33m 609[2mms[22m[39m
[90mstderr[2m | src/app/shared/components/icon/icon.component.spec.ts[2m > [22m[2mIconComponent[2m > [22m[2mDOM Rendering[2m > [22m[2mshould apply CSS classes to wrapper
[22m[39mNo icon named heroHome was found. You may need to import it using the withIcons function.

 [32m✓[39m [30m[43m angular-enterprise-blueprint [49m[39m src/app/features/profile/components/profile-stats-card/profile-stats-card.component.spec.ts [2m([22m[2m7 tests[22m[2m)[22m[33m 619[2mms[22m[39m
[90mstderr[2m | src/app/shared/components/icon/icon.component.spec.ts[2m > [22m[2mIconComponent[2m > [22m[2mDOM Rendering[2m > [22m[2mshould set aria-label when provided
[22m[39mNo icon named heroHome was found. You may need to import it using the withIcons function.

[90mstderr[2m | src/app/shared/components/icon/icon.component.spec.ts[2m > [22m[2mIconComponent[2m > [22m[2mDOM Rendering[2m > [22m[2mshould set aria-hidden when decorative
[22m[39mNo icon named heroHome was found. You may need to import it using the withIcons function.

[90mstderr[2m | src/app/shared/components/icon/icon.component.spec.ts[2m > [22m[2mIconComponent[2m > [22m[2mDOM Rendering[2m > [22m[2mshould not set aria-hidden when not decorative
[22m[39mNo icon named heroHome was found. You may need to import it using the withIcons function.

[90mstderr[2m | src/app/shared/components/icon/icon.component.spec.ts[2m > [22m[2mIconComponent[2m > [22m[2mDOM Rendering[2m > [22m[2mshould have role="img"
[22m[39mNo icon named heroHome was found. You may need to import it using the withIcons function.

[90mstderr[2m | src/app/shared/components/icon/icon.component.spec.ts[2m > [22m[2mIconComponent[2m > [22m[2mAll Color Variants[2m > [22m[2mshould apply all color variants correctly
[22m[39mNo icon named heroHome was found. You may need to import it using the withIcons function.

[90mstderr[2m | src/app/shared/components/icon/icon.component.spec.ts[2m > [22m[2mIconComponent[2m > [22m[2mAll Size Variants[2m > [22m[2mshould apply all size variants correctly
[22m[39mNo icon named heroHome was found. You may need to import it using the withIcons function.

[90mstderr[2m | src/app/shared/components/icon/icon.component.spec.ts[2m > [22m[2mIconComponent[2m > [22m[2mCombined States[2m > [22m[2mshould handle multiple modifiers together
[22m[39mNo icon named heroHome was found. You may need to import it using the withIcons function.

[90mstderr[2m | src/app/shared/components/icon/icon.component.spec.ts[2m > [22m[2mIconComponent[2m > [22m[2mCombined States[2m > [22m[2mshould handle decorative icon with aria-label
[22m[39mNo icon named heroHome was found. You may need to import it using the withIcons function.

 [32m✓[39m [30m[43m angular-enterprise-blueprint [49m[39m src/app/features/modules/detail/module-detail.component.spec.ts [2m([22m[2m20 tests[22m[2m)[22m[33m 790[2mms[22m[39m
 [32m✓[39m [30m[43m angular-enterprise-blueprint [49m[39m src/app/shared/components/loading-spinner/loading-spinner.component.spec.ts [2m([22m[2m44 tests[22m[2m)[22m[33m 552[2mms[22m[39m
[90mstderr[2m | src/app/shared/components/icon/icon.component.spec.ts[2m > [22m[2mIconComponent[2m > [22m[2mIcon Names from Constants[2m > [22m[2mshould work with ICON_NAMES constants
[22m[39mNo icon named heroHome was found. You may need to import it using the withIcons function.
No icon named heroUser was found. You may need to import it using the withIcons function.
No icon named heroEnvelope was found. You may need to import it using the withIcons function.
No icon named heroCog6Tooth was found. You may need to import it using the withIcons function.
No icon named heroMagnifyingGlass was found. You may need to import it using the withIcons function.

 [32m✓[39m [30m[43m angular-enterprise-blueprint [49m[39m src/app/shared/components/icon/icon.component.spec.ts [2m([22m[2m41 tests[22m[2m)[22m[33m 471[2mms[22m[39m
[90mstderr[2m | src/app/core/interceptors/http-error.interceptor.spec.ts[2m > [22m[2mhttpErrorInterceptor[2m > [22m[2merror logging[2m > [22m[2mshould log HTTP errors via LoggerService
[22m[39m[HTTP Error] 500 {
  url: [32m'/api/test'[39m,
  message: [32m'Http failure response for /api/test: 500 Internal Server Error'[39m,
  serverMessage: [32m'Server Error'[39m
}
[User Notification] A server error occurred. Our team has been notified.

[90mstderr[2m | src/app/core/interceptors/http-error.interceptor.spec.ts[2m > [22m[2mhttpErrorInterceptor[2m > [22m[2mstatus code handling[2m > [22m[2m400 Bad Request[2m > [22m[2mshould show server message if available
[22m[39m[HTTP Error] 400 {
  url: [32m'/api/test'[39m,
  message: [32m'Http failure response for /api/test: 400 Bad Request'[39m,
  serverMessage: [32m'Invalid email format'[39m
}
[User Notification] Invalid email format

[90mstderr[2m | src/app/core/interceptors/http-error.interceptor.spec.ts[2m > [22m[2mhttpErrorInterceptor[2m > [22m[2mstatus code handling[2m > [22m[2m400 Bad Request[2m > [22m[2mshould show default message if no server message
[22m[39m[HTTP Error] 400 {
  url: [32m'/api/test'[39m,
  message: [32m'Http failure response for /api/test: 400 Bad Request'[39m,
  serverMessage: [90mundefined[39m
}
[User Notification] Invalid request. Please check your input.

[90mstderr[2m | src/app/core/interceptors/http-error.interceptor.spec.ts[2m > [22m[2mhttpErrorInterceptor[2m > [22m[2mstatus code handling[2m > [22m[2m401 Unauthorized[2m > [22m[2mshould show warning notification
[22m[39m[HTTP Error] 401 {
  url: [32m'/api/test'[39m,
  message: [32m'Http failure response for /api/test: 401 Unauthorized'[39m,
  serverMessage: [90mundefined[39m
}
[User Notification] Your session has expired. Please log in again.

[90mstderr[2m | src/app/core/interceptors/http-error.interceptor.spec.ts[2m > [22m[2mhttpErrorInterceptor[2m > [22m[2mstatus code handling[2m > [22m[2m401 Unauthorized[2m > [22m[2mshould navigate to login page
[22m[39m[HTTP Error] 401 {
  url: [32m'/api/test'[39m,
  message: [32m'Http failure response for /api/test: 401 Unauthorized'[39m,
  serverMessage: [90mundefined[39m
}
[User Notification] Your session has expired. Please log in again.

[90mstderr[2m | src/app/core/interceptors/http-error.interceptor.spec.ts[2m > [22m[2mhttpErrorInterceptor[2m > [22m[2mstatus code handling[2m > [22m[2m403 Forbidden[2m > [22m[2mshould show error notification
[22m[39m[HTTP Error] 403 {
  url: [32m'/api/test'[39m,
  message: [32m'Http failure response for /api/test: 403 Forbidden'[39m,
  serverMessage: [90mundefined[39m
}
[User Notification] You do not have permission to access this resource.

[90mstderr[2m | src/app/core/interceptors/http-error.interceptor.spec.ts[2m > [22m[2mhttpErrorInterceptor[2m > [22m[2mstatus code handling[2m > [22m[2m403 Forbidden[2m > [22m[2mshould navigate to forbidden page
[22m[39m[HTTP Error] 403 {
  url: [32m'/api/test'[39m,
  message: [32m'Http failure response for /api/test: 403 Forbidden'[39m,
  serverMessage: [90mundefined[39m
}
[User Notification] You do not have permission to access this resource.

[90mstderr[2m | src/app/core/interceptors/http-error.interceptor.spec.ts[2m > [22m[2mhttpErrorInterceptor[2m > [22m[2mstatus code handling[2m > [22m[2m404 Not Found[2m > [22m[2mshould show not found notification
[22m[39m[HTTP Error] 404 {
  url: [32m'/api/test'[39m,
  message: [32m'Http failure response for /api/test: 404 Not Found'[39m,
  serverMessage: [90mundefined[39m
}
[User Notification] The requested resource was not found.

[90mstderr[2m | src/app/core/interceptors/http-error.interceptor.spec.ts[2m > [22m[2mhttpErrorInterceptor[2m > [22m[2mstatus code handling[2m > [22m[2m408 Request Timeout[2m > [22m[2mshould show timeout warning
[22m[39m[HTTP Error] 408 {
  url: [32m'/api/test'[39m,
  message: [32m'Http failure response for /api/test: 408 Request Timeout'[39m,
  serverMessage: [90mundefined[39m
}
[User Notification] The request timed out. Please try again.

[90mstderr[2m | src/app/core/interceptors/http-error.interceptor.spec.ts[2m > [22m[2mhttpErrorInterceptor[2m > [22m[2mstatus code handling[2m > [22m[2m429 Too Many Requests[2m > [22m[2mshould show rate limit warning
[22m[39m[HTTP Error] 429 {
  url: [32m'/api/test'[39m,
  message: [32m'Http failure response for /api/test: 429 Too Many Requests'[39m,
  serverMessage: [90mundefined[39m
}
[User Notification] Too many requests. Please try again later.

[90mstderr[2m | src/app/core/interceptors/http-error.interceptor.spec.ts[2m > [22m[2mhttpErrorInterceptor[2m > [22m[2mstatus code handling[2m > [22m[2m500 Internal Server Error[2m > [22m[2mshould show server error notification
[22m[39m[HTTP Error] 500 {
  url: [32m'/api/test'[39m,
  message: [32m'Http failure response for /api/test: 500 Internal Server Error'[39m,
  serverMessage: [90mundefined[39m
}
[User Notification] A server error occurred. Our team has been notified.

[90mstderr[2m | src/app/core/interceptors/http-error.interceptor.spec.ts[2m > [22m[2mhttpErrorInterceptor[2m > [22m[2mstatus code handling[2m > [22m[2m502 Bad Gateway[2m > [22m[2mshould show service unavailable notification
[22m[39m[HTTP Error] 502 {
  url: [32m'/api/test'[39m,
  message: [32m'Http failure response for /api/test: 502 Bad Gateway'[39m,
  serverMessage: [90mundefined[39m
}
[User Notification] The server is temporarily unavailable. Please try again later.

[90mstderr[2m | src/app/core/interceptors/http-error.interceptor.spec.ts[2m > [22m[2mhttpErrorInterceptor[2m > [22m[2mstatus code handling[2m > [22m[2m503 Service Unavailable[2m > [22m[2mshould show service unavailable notification
[22m[39m[HTTP Error] 503 {
  url: [32m'/api/test'[39m,
  message: [32m'Http failure response for /api/test: 503 Service Unavailable'[39m,
  serverMessage: [90mundefined[39m
}
[User Notification] The service is temporarily unavailable. Please try again later.

[90mstderr[2m | src/app/core/interceptors/http-error.interceptor.spec.ts[2m > [22m[2mhttpErrorInterceptor[2m > [22m[2merror message extraction[2m > [22m[2mshould extract message from { message: string } format
[22m[39m[HTTP Error] 400 {
  url: [32m'/api/test'[39m,
  message: [32m'Http failure response for /api/test: 400 Bad Request'[39m,
  serverMessage: [32m'Email already exists'[39m
}
[User Notification] Email already exists

[90mstderr[2m | src/app/core/interceptors/http-error.interceptor.spec.ts[2m > [22m[2mhttpErrorInterceptor[2m > [22m[2merror message extraction[2m > [22m[2mshould extract message from { error: string } format
[22m[39m[HTTP Error] 400 {
  url: [32m'/api/test'[39m,
  message: [32m'Http failure response for /api/test: 400 Bad Request'[39m,
  serverMessage: [32m'Username taken'[39m
}
[User Notification] Username taken

[90mstderr[2m | src/app/core/interceptors/http-error.interceptor.spec.ts[2m > [22m[2mhttpErrorInterceptor[2m > [22m[2merror message extraction[2m > [22m[2mshould extract message from { error: { message: string } } format
[22m[39m[HTTP Error] 400 {
  url: [32m'/api/test'[39m,
  message: [32m'Http failure response for /api/test: 400 Bad Request'[39m,
  serverMessage: [32m'Nested error message'[39m
}
[User Notification] Nested error message

[90mstderr[2m | src/app/core/interceptors/http-error.interceptor.spec.ts[2m > [22m[2mhttpErrorInterceptor[2m > [22m[2merror message extraction[2m > [22m[2mshould extract message from plain string error
[22m[39m[HTTP Error] 400 {
  url: [32m'/api/test'[39m,
  message: [32m'Http failure response for /api/test: 400 Bad Request'[39m,
  serverMessage: [32m'Plain text error'[39m
}
[User Notification] Plain text error

[90mstderr[2m | src/app/core/interceptors/http-error.interceptor.spec.ts[2m > [22m[2mhttpErrorInterceptor[2m > [22m[2merror message extraction[2m > [22m[2mshould extract first message from { errors: string[] } format
[22m[39m[HTTP Error] 400 {
  url: [32m'/api/test'[39m,
  message: [32m'Http failure response for /api/test: 400 Bad Request'[39m,
  serverMessage: [32m'First error'[39m
}
[User Notification] First error

[90mstderr[2m | src/app/core/interceptors/http-error.interceptor.spec.ts[2m > [22m[2mhttpErrorInterceptor[2m > [22m[2merror re-throwing[2m > [22m[2mshould re-throw the original error
[22m[39m[HTTP Error] 500 {
  url: [32m'/api/test'[39m,
  message: [32m'Http failure response for /api/test: 500 Internal Server Error'[39m,
  serverMessage: [90mundefined[39m
}
[User Notification] A server error occurred. Our team has been notified.

[90mstderr[2m | src/app/core/interceptors/http-error.interceptor.spec.ts[2m > [22m[2mhttpErrorInterceptor[2m > [22m[2merror re-throwing[2m > [22m[2mshould preserve the original error body
[22m[39m[HTTP Error] 400 {
  url: [32m'/api/test'[39m,
  message: [32m'Http failure response for /api/test: 400 Bad Request'[39m,
  serverMessage: [32m'Validation failed'[39m
}
[User Notification] Validation failed

[90mstderr[2m | src/app/core/interceptors/http-error.interceptor.spec.ts[2m > [22m[2mhttpErrorInterceptor[2m > [22m[2mnetwork errors (status 0)[2m > [22m[2mshould handle network connectivity errors
[22m[39m[HTTP Error] 0 {
  url: [32m'/api/test'[39m,
  message: [32m'Http failure response for /api/test: 0 Unknown Error'[39m,
  serverMessage: [90mundefined[39m
}
[User Notification] Unable to connect to server. Please check your internet connection.

[90mstderr[2m | src/app/core/interceptors/http-error.interceptor.spec.ts[2m > [22m[2mhttpErrorInterceptor[2m > [22m[2mnetwork errors (status 0)[2m > [22m[2mshould log network errors with status 0
[22m[39m[HTTP Error] 0 {
  url: [32m'/api/test'[39m,
  message: [32m'Http failure response for /api/test: 0 Unknown Error'[39m,
  serverMessage: [90mundefined[39m
}
[User Notification] Unable to connect to server. Please check your internet connection.

[90mstderr[2m | src/app/core/interceptors/http-error.interceptor.spec.ts[2m > [22m[2mhttpErrorInterceptor[2m > [22m[2m429 with Retry-After header[2m > [22m[2mshould include retry time from Retry-After header
[22m[39m[HTTP Error] 429 {
  url: [32m'/api/test'[39m,
  message: [32m'Http failure response for /api/test: 429 Too Many Requests'[39m,
  serverMessage: [90mundefined[39m
}
[User Notification] Too many requests. Please wait 60 seconds.

[90mstderr[2m | src/app/core/interceptors/http-error.interceptor.spec.ts[2m > [22m[2mhttpErrorInterceptor[2m > [22m[2m429 with Retry-After header[2m > [22m[2mshould use default message when Retry-After header is missing
[22m[39m[HTTP Error] 429 {
  url: [32m'/api/test'[39m,
  message: [32m'Http failure response for /api/test: 429 Too Many Requests'[39m,
  serverMessage: [90mundefined[39m
}
[User Notification] Too many requests. Please try again later.

[90mstderr[2m | src/app/core/interceptors/http-error.interceptor.spec.ts[2m > [22m[2mhttpErrorInterceptor[2m > [22m[2mother 4xx client errors[2m > [22m[2mshould handle 405 Method Not Allowed
[22m[39m[HTTP Error] 405 {
  url: [32m'/api/test'[39m,
  message: [32m'Http failure response for /api/test: 405 Method Not Allowed'[39m,
  serverMessage: [90mundefined[39m
}
[User Notification] Http failure response for /api/test: 405 Method Not Allowed

[90mstderr[2m | src/app/core/interceptors/http-error.interceptor.spec.ts[2m > [22m[2mhttpErrorInterceptor[2m > [22m[2mother 4xx client errors[2m > [22m[2mshould handle 409 Conflict with server message
[22m[39m[HTTP Error] 409 {
  url: [32m'/api/test'[39m,
  message: [32m'Http failure response for /api/test: 409 Conflict'[39m,
  serverMessage: [32m'Resource already exists'[39m
}
[User Notification] Resource already exists

[90mstderr[2m | src/app/core/interceptors/http-error.interceptor.spec.ts[2m > [22m[2mhttpErrorInterceptor[2m > [22m[2mother 4xx client errors[2m > [22m[2mshould handle 422 Unprocessable Entity
[22m[39m[HTTP Error] 422 {
  url: [32m'/api/test'[39m,
  message: [32m'Http failure response for /api/test: 422 Unprocessable Entity'[39m,
  serverMessage: [32m'Validation failed'[39m
}
[User Notification] Validation failed

[90mstderr[2m | src/app/core/interceptors/http-error.interceptor.spec.ts[2m > [22m[2mhttpErrorInterceptor[2m > [22m[2mother 5xx server errors[2m > [22m[2mshould handle 504 Gateway Timeout with specific message
[22m[39m[HTTP Error] 504 {
  url: [32m'/api/test'[39m,
  message: [32m'Http failure response for /api/test: 504 Gateway Timeout'[39m,
  serverMessage: [90mundefined[39m
}
[User Notification] The server took too long to respond. Please try again.

[90mstderr[2m | src/app/core/interceptors/http-error.interceptor.spec.ts[2m > [22m[2mhttpErrorInterceptor[2m > [22m[2mother 5xx server errors[2m > [22m[2mshould handle 507 Insufficient Storage
[22m[39m[HTTP Error] 507 {
  url: [32m'/api/test'[39m,
  message: [32m'Http failure response for /api/test: 507 Insufficient Storage'[39m,
  serverMessage: [90mundefined[39m
}
[User Notification] A server error occurred. Our team has been notified.

[90mstderr[2m | src/app/core/interceptors/http-error.interceptor.spec.ts[2m > [22m[2mhttpErrorInterceptor[2m > [22m[2merror message extraction edge cases[2m > [22m[2mshould extract message from { errors: [{ message: string }] } format
[22m[39m[HTTP Error] 400 {
  url: [32m'/api/test'[39m,
  message: [32m'Http failure response for /api/test: 400 Bad Request'[39m,
  serverMessage: [32m'First validation error'[39m
}
[User Notification] First validation error

[90mstderr[2m | src/app/core/interceptors/http-error.interceptor.spec.ts[2m > [22m[2mhttpErrorInterceptor[2m > [22m[2merror message extraction edge cases[2m > [22m[2mshould handle empty errors array
[22m[39m[HTTP Error] 400 {
  url: [32m'/api/test'[39m,
  message: [32m'Http failure response for /api/test: 400 Bad Request'[39m,
  serverMessage: [90mundefined[39m
}
[User Notification] Invalid request. Please check your input.

[90mstderr[2m | src/app/core/interceptors/http-error.interceptor.spec.ts[2m > [22m[2mhttpErrorInterceptor[2m > [22m[2merror message extraction edge cases[2m > [22m[2mshould handle null error body
[22m[39m[HTTP Error] 400 {
  url: [32m'/api/test'[39m,
  message: [32m'Http failure response for /api/test: 400 Bad Request'[39m,
  serverMessage: [90mundefined[39m
}
[User Notification] Invalid request. Please check your input.

[90mstderr[2m | src/app/core/interceptors/http-error.interceptor.spec.ts[2m > [22m[2mhttpErrorInterceptor[2m > [22m[2merror message extraction edge cases[2m > [22m[2mshould handle error body with non-string error property
[22m[39m[HTTP Error] 400 {
  url: [32m'/api/test'[39m,
  message: [32m'Http failure response for /api/test: 400 Bad Request'[39m,
  serverMessage: [90mundefined[39m
}
[User Notification] Invalid request. Please check your input.

[90mstderr[2m | src/app/core/interceptors/http-error.interceptor.spec.ts[2m > [22m[2mhttpErrorInterceptor[2m > [22m[2merror message extraction edge cases[2m > [22m[2mshould handle deeply nested error responses
[22m[39m[HTTP Error] 400 {
  url: [32m'/api/test'[39m,
  message: [32m'Http failure response for /api/test: 400 Bad Request'[39m,
  serverMessage: [32m'Nested error message'[39m
}
[User Notification] Nested error message

[90mstdout[2m | src/app/core/auth/strategies/mock-auth.strategy.spec.ts[2m > [22m[2mMockAuthStrategy[2m > [22m[2mcheckSession[2m > [22m[2mshould clear session on invalid JSON in user data
[22m[39m[MockAuth] Checking session
[MockAuth] No valid session found

[90mstderr[2m | src/app/core/auth/strategies/mock-auth.strategy.spec.ts[2m > [22m[2mMockAuthStrategy[2m > [22m[2mcheckSession[2m > [22m[2mshould clear session on invalid JSON in user data
[22m[39m[MockAuth] Failed to parse stored user

[90mstdout[2m | src/app/core/auth/auth.store.spec.ts[2m > [22m[2mAuthStore[2m > [22m[2mlogin[2m > [22m[2mshould call authStrategy.login with credentials
[22m[39m[AuthStore] Login successful { userId: [32m'user-001'[39m }

[90mstderr[2m | src/app/core/interceptors/http-error.interceptor.spec.ts[2m > [22m[2mhttpErrorInterceptor[2m > [22m[2mlogging details[2m > [22m[2mshould include URL in log details
[22m[39m[HTTP Error] 500 {
  url: [32m'/api/users/123'[39m,
  message: [32m'Http failure response for /api/users/123: 500 Internal Server Error'[39m,
  serverMessage: [90mundefined[39m
}
[User Notification] A server error occurred. Our team has been notified.

[90mstdout[2m | src/app/core/auth/auth.store.spec.ts[2m > [22m[2mAuthStore[2m > [22m[2mlogin[2m > [22m[2mshould set user and isAuthenticated on successful login
[22m[39m[AuthStore] Login successful { userId: [32m'user-001'[39m }

[90mstderr[2m | src/app/core/interceptors/http-error.interceptor.spec.ts[2m > [22m[2mhttpErrorInterceptor[2m > [22m[2mlogging details[2m > [22m[2mshould include server message in log details when available
[22m[39m[HTTP Error] 500 {
  url: [32m'/api/test'[39m,
  message: [32m'Http failure response for /api/test: 500 Internal Server Error'[39m,
  serverMessage: [32m'Database connection failed'[39m
}
[User Notification] A server error occurred. Our team has been notified.

[90mstderr[2m | src/app/core/interceptors/http-error.interceptor.spec.ts[2m > [22m[2mhttpErrorInterceptor[2m > [22m[2mlogging details[2m > [22m[2mshould log undefined serverMessage when not available
[22m[39m[HTTP Error] 500 {
  url: [32m'/api/test'[39m,
  message: [32m'Http failure response for /api/test: 500 Internal Server Error'[39m,
  serverMessage: [90mundefined[39m
}
[User Notification] A server error occurred. Our team has been notified.

[90mstdout[2m | src/app/core/auth/auth.store.spec.ts[2m > [22m[2mAuthStore[2m > [22m[2mlogin[2m > [22m[2mshould log successful login
[22m[39m[AuthStore] Login successful { userId: [32m'user-001'[39m }

[90mstderr[2m | src/app/core/auth/auth.store.spec.ts[2m > [22m[2mAuthStore[2m > [22m[2mlogin[2m > [22m[2mshould set error on login failure
[22m[39m[AuthStore] Login failed { error: [32m'Invalid credentials'[39m }

[90mstderr[2m | src/app/core/interceptors/http-error.interceptor.spec.ts[2m > [22m[2mhttpErrorInterceptor[2m > [22m[2mHTTP methods[2m > [22m[2mshould intercept errors from PUT requests
[22m[39m[HTTP Error] 500 {
  url: [32m'/api/test/1'[39m,
  message: [32m'Http failure response for /api/test/1: 500 Internal Server Error'[39m,
  serverMessage: [90mundefined[39m
}
[User Notification] A server error occurred. Our team has been notified.

[90mstderr[2m | src/app/core/interceptors/http-error.interceptor.spec.ts[2m > [22m[2mhttpErrorInterceptor[2m > [22m[2mHTTP methods[2m > [22m[2mshould intercept errors from PATCH requests
[22m[39m[HTTP Error] 500 {
  url: [32m'/api/test/1'[39m,
  message: [32m'Http failure response for /api/test/1: 500 Internal Server Error'[39m,
  serverMessage: [90mundefined[39m
}
[User Notification] A server error occurred. Our team has been notified.

[90mstderr[2m | src/app/core/interceptors/http-error.interceptor.spec.ts[2m > [22m[2mhttpErrorInterceptor[2m > [22m[2mHTTP methods[2m > [22m[2mshould intercept errors from DELETE requests
[22m[39m[HTTP Error] 500 {
  url: [32m'/api/test/1'[39m,
  message: [32m'Http failure response for /api/test/1: 500 Internal Server Error'[39m,
  serverMessage: [90mundefined[39m
}
[User Notification] A server error occurred. Our team has been notified.

 [32m✓[39m [30m[43m angular-enterprise-blueprint [49m[39m src/app/core/interceptors/http-error.interceptor.spec.ts [2m([22m[2m44 tests[22m[2m)[22m[32m 174[2mms[22m[39m
[90mstderr[2m | src/app/core/auth/auth.store.spec.ts[2m > [22m[2mAuthStore[2m > [22m[2mlogin[2m > [22m[2mshould log login failure
[22m[39m[AuthStore] Login failed { error: [32m'Invalid credentials'[39m }

[90mstdout[2m | src/app/core/auth/auth.store.spec.ts[2m > [22m[2mAuthStore[2m > [22m[2mlogout[2m > [22m[2mshould call authStrategy.logout
[22m[39m[AuthStore] Logout successful

[90mstdout[2m | src/app/core/auth/auth.store.spec.ts[2m > [22m[2mAuthStore[2m > [22m[2mlogout[2m > [22m[2mshould clear user and set isAuthenticated to false
[22m[39m[AuthStore] Logout successful

[90mstdout[2m | src/app/core/auth/auth.store.spec.ts[2m > [22m[2mAuthStore[2m > [22m[2mlogout[2m > [22m[2mshould navigate to login page after logout
[22m[39m[AuthStore] Logout successful

[90mstdout[2m | src/app/core/auth/auth.store.spec.ts[2m > [22m[2mAuthStore[2m > [22m[2mlogout[2m > [22m[2mshould log successful logout
[22m[39m[AuthStore] Logout successful

[90mstderr[2m | src/app/core/auth/auth.store.spec.ts[2m > [22m[2mAuthStore[2m > [22m[2mlogout[2m > [22m[2mshould still clear state and navigate on logout failure
[22m[39m[AuthStore] Logout failed { error: [32m'Network error'[39m }

[90mstdout[2m | src/app/core/auth/auth.store.spec.ts[2m > [22m[2mAuthStore[2m > [22m[2mcheckSession[2m > [22m[2mshould call authStrategy.checkSession
[22m[39m[AuthStore] No session found

[90mstdout[2m | src/app/core/auth/auth.store.spec.ts[2m > [22m[2mAuthStore[2m > [22m[2mcheckSession[2m > [22m[2mshould restore user when session exists
[22m[39m[AuthStore] Session restored { userId: [32m'user-001'[39m }

[90mstdout[2m | src/app/core/auth/auth.store.spec.ts[2m > [22m[2mAuthStore[2m > [22m[2mcheckSession[2m > [22m[2mshould log when session is restored
[22m[39m[AuthStore] Session restored { userId: [32m'user-001'[39m }

[90mstdout[2m | src/app/core/auth/auth.store.spec.ts[2m > [22m[2mAuthStore[2m > [22m[2mcheckSession[2m > [22m[2mshould remain unauthenticated when no session exists
[22m[39m[AuthStore] No session found

[90mstdout[2m | src/app/core/auth/auth.store.spec.ts[2m > [22m[2mAuthStore[2m > [22m[2mcheckSession[2m > [22m[2mshould log when no session is found
[22m[39m[AuthStore] No session found

[90mstderr[2m | src/app/core/auth/auth.store.spec.ts[2m > [22m[2mAuthStore[2m > [22m[2mcheckSession[2m > [22m[2mshould handle session check errors gracefully
[22m[39m[AuthStore] Session check failed { error: [32m'Network error'[39m }

[90mstderr[2m | src/app/core/auth/auth.store.spec.ts[2m > [22m[2mAuthStore[2m > [22m[2mhandleSessionExpired[2m > [22m[2mshould clear user and set isAuthenticated to false
[22m[39m[AuthStore] Session expired

[90mstderr[2m | src/app/core/auth/auth.store.spec.ts[2m > [22m[2mAuthStore[2m > [22m[2mhandleSessionExpired[2m > [22m[2mshould set error to SESSION_EXPIRED
[22m[39m[AuthStore] Session expired

[90mstderr[2m | src/app/core/auth/auth.store.spec.ts[2m > [22m[2mAuthStore[2m > [22m[2mhandleSessionExpired[2m > [22m[2mshould navigate to login page
[22m[39m[AuthStore] Session expired

[90mstderr[2m | src/app/core/auth/auth.store.spec.ts[2m > [22m[2mAuthStore[2m > [22m[2mhandleSessionExpired[2m > [22m[2mshould log session expiration
[22m[39m[AuthStore] Session expired

 [32m✓[39m [30m[43m angular-enterprise-blueprint [49m[39m src/app/core/auth/auth.store.spec.ts [2m([22m[2m40 tests[22m[2m)[22m[32m 237[2mms[22m[39m
 [32m✓[39m [30m[43m angular-enterprise-blueprint [49m[39m src/app/shared/components/checkbox-checkmark/checkbox-checkmark.component.spec.ts [2m([22m[2m32 tests[22m[2m)[22m[33m 406[2mms[22m[39m
 [32m✓[39m [30m[43m angular-enterprise-blueprint [49m[39m src/app/shared/components/tooltip/tooltip.directive.spec.ts [2m([22m[2m17 tests[22m[2m)[22m[32m 224[2mms[22m[39m
 [32m✓[39m [30m[43m angular-enterprise-blueprint [49m[39m src/app/shared/components/toast/toast-container.component.spec.ts [2m([22m[2m7 tests[22m[2m)[22m[32m 263[2mms[22m[39m
 [32m✓[39m [30m[43m angular-enterprise-blueprint [49m[39m src/app/core/services/seo/seo.service.spec.ts [2m([22m[2m49 tests[22m[2m)[22m[33m 333[2mms[22m[39m
 [32m✓[39m [30m[43m angular-enterprise-blueprint [49m[39m src/app/shared/components/tooltip/tooltip.component.spec.ts [2m([22m[2m13 tests[22m[2m)[22m[32m 232[2mms[22m[39m
 [32m✓[39m [30m[43m angular-enterprise-blueprint [49m[39m src/app/features/architecture/state/architecture.store.spec.ts [2m([22m[2m25 tests[22m[2m)[22m[32m 86[2mms[22m[39m
 [32m✓[39m [30m[43m angular-enterprise-blueprint [49m[39m src/app/shared/services/toast/toast.service.spec.ts [2m([22m[2m29 tests[22m[2m)[22m[32m 119[2mms[22m[39m
 [32m✓[39m [30m[43m angular-enterprise-blueprint [49m[39m src/app/shared/components/button-content/button-content.component.spec.ts [2m([22m[2m6 tests[22m[2m)[22m[32m 166[2mms[22m[39m
[90mstderr[2m | src/app/core/error-handling/global-error-handler.spec.ts[2m > [22m[2mGlobalErrorHandler[2m > [22m[2mhandleError[2m > [22m[2mwith Error objects[2m > [22m[2mshould log standard Error objects
[22m[39m[GlobalErrorHandler] Test error message {
  code: [32m'Error'[39m,
  severity: [32m'error'[39m,
  timestamp: [32m'2025-12-29T16:20:44.285Z'[39m,
  stack: [32m'Error: Test error message\n'[39m +
    [32m'    at /home/jay/Repos/angular-enterprise-blueprint/src/app/core/error-handling/global-error-handler.spec.ts:44:23\n'[39m +
    [32m'    at file:///home/jay/Repos/angular-enterprise-blueprint/node_modules/@vitest/runner/dist/index.js:145:11\n'[39m +
    [32m'    at file:///home/jay/Repos/angular-enterprise-blueprint/node_modules/@vitest/runner/dist/index.js:915:26\n'[39m +
    [32m'    at file:///home/jay/Repos/angular-enterprise-blueprint/node_modules/@vitest/runner/dist/index.js:1243:20\n'[39m +
    [32m'    at new Promise (<anonymous>)\n'[39m +
    [32m'    at runWithTimeout (file:///home/jay/Repos/angular-enterprise-blueprint/node_modules/@vitest/runner/dist/index.js:1209:10)\n'[39m +
    [32m'    at file:///home/jay/Repos/angular-enterprise-blueprint/node_modules/@vitest/runner/dist/index.js:1653:37\n'[39m +
    [32m'    at Traces.$ (file:///home/jay/Repos/angular-enterprise-blueprint/node_modules/vitest/dist/chunks/traces.U4xDYhzZ.js:115:27)\n'[39m +
    [32m'    at trace (file:///home/jay/Repos/angular-enterprise-blueprint/node_modules/vitest/dist/chunks/test.B8ej_ZHS.js:239:21)\n'[39m +
    [32m'    at runTest (file:///home/jay/Repos/angular-enterprise-blueprint/node_modules/@vitest/runner/dist/index.js:1653:12)'[39m
}
[GlobalErrorHandler] Stack trace: Error: Test error message
    at /home/jay/Repos/angular-enterprise-blueprint/src/app/core/error-handling/global-error-handler.spec.ts:44:23
    at file:///home/jay/Repos/angular-enterprise-blueprint/node_modules/@vitest/runner/dist/index.js:145:11
    at file:///home/jay/Repos/angular-enterprise-blueprint/node_modules/@vitest/runner/dist/index.js:915:26
    at file:///home/jay/Repos/angular-enterprise-blueprint/node_modules/@vitest/runner/dist/index.js:1243:20
    at new Promise (<anonymous>)
    at runWithTimeout (file:///home/jay/Repos/angular-enterprise-blueprint/node_modules/@vitest/runner/dist/index.js:1209:10)
    at file:///home/jay/Repos/angular-enterprise-blueprint/node_modules/@vitest/runner/dist/index.js:1653:37
    at Traces.$ (file:///home/jay/Repos/angular-enterprise-blueprint/node_modules/vitest/dist/chunks/traces.U4xDYhzZ.js:115:27)
    at trace (file:///home/jay/Repos/angular-enterprise-blueprint/node_modules/vitest/dist/chunks/test.B8ej_ZHS.js:239:21)
    at runTest (file:///home/jay/Repos/angular-enterprise-blueprint/node_modules/@vitest/runner/dist/index.js:1653:12)
[User Notification] An unexpected error occurred. Please try again. (Error)

[90mstderr[2m | src/app/core/error-handling/global-error-handler.spec.ts[2m > [22m[2mGlobalErrorHandler[2m > [22m[2mhandleError[2m > [22m[2mwith Error objects[2m > [22m[2mshould include error code/name in log
[22m[39m[GlobalErrorHandler] Type mismatch {
  code: [32m'TypeError'[39m,
  severity: [32m'error'[39m,
  timestamp: [32m'2025-12-29T16:20:44.295Z'[39m,
  stack: [32m'TypeError: Type mismatch\n'[39m +
    [32m'    at /home/jay/Repos/angular-enterprise-blueprint/src/app/core/error-handling/global-error-handler.spec.ts:55:23\n'[39m +
    [32m'    at file:///home/jay/Repos/angular-enterprise-blueprint/node_modules/@vitest/runner/dist/index.js:145:11\n'[39m +
    [32m'    at file:///home/jay/Repos/angular-enterprise-blueprint/node_modules/@vitest/runner/dist/index.js:915:26\n'[39m +
    [32m'    at file:///home/jay/Repos/angular-enterprise-blueprint/node_modules/@vitest/runner/dist/index.js:1243:20\n'[39m +
    [32m'    at new Promise (<anonymous>)\n'[39m +
    [32m'    at runWithTimeout (file:///home/jay/Repos/angular-enterprise-blueprint/node_modules/@vitest/runner/dist/index.js:1209:10)\n'[39m +
    [32m'    at file:///home/jay/Repos/angular-enterprise-blueprint/node_modules/@vitest/runner/dist/index.js:1653:37\n'[39m +
    [32m'    at Traces.$ (file:///home/jay/Repos/angular-enterprise-blueprint/node_modules/vitest/dist/chunks/traces.U4xDYhzZ.js:115:27)\n'[39m +
    [32m'    at trace (file:///home/jay/Repos/angular-enterprise-blueprint/node_modules/vitest/dist/chunks/test.B8ej_ZHS.js:239:21)\n'[39m +
    [32m'    at runTest (file:///home/jay/Repos/angular-enterprise-blueprint/node_modules/@vitest/runner/dist/index.js:1653:12)'[39m
}
[GlobalErrorHandler] Stack trace: TypeError: Type mismatch
    at /home/jay/Repos/angular-enterprise-blueprint/src/app/core/error-handling/global-error-handler.spec.ts:55:23
    at file:///home/jay/Repos/angular-enterprise-blueprint/node_modules/@vitest/runner/dist/index.js:145:11
    at file:///home/jay/Repos/angular-enterprise-blueprint/node_modules/@vitest/runner/dist/index.js:915:26
    at file:///home/jay/Repos/angular-enterprise-blueprint/node_modules/@vitest/runner/dist/index.js:1243:20
    at new Promise (<anonymous>)
    at runWithTimeout (file:///home/jay/Repos/angular-enterprise-blueprint/node_modules/@vitest/runner/dist/index.js:1209:10)
    at file:///home/jay/Repos/angular-enterprise-blueprint/node_modules/@vitest/runner/dist/index.js:1653:37
    at Traces.$ (file:///home/jay/Repos/angular-enterprise-blueprint/node_modules/vitest/dist/chunks/traces.U4xDYhzZ.js:115:27)
    at trace (file:///home/jay/Repos/angular-enterprise-blueprint/node_modules/vitest/dist/chunks/test.B8ej_ZHS.js:239:21)
    at runTest (file:///home/jay/Repos/angular-enterprise-blueprint/node_modules/@vitest/runner/dist/index.js:1653:12)
[User Notification] An unexpected error occurred. Please try again. (TypeError)

[90mstderr[2m | src/app/core/error-handling/global-error-handler.spec.ts[2m > [22m[2mGlobalErrorHandler[2m > [22m[2mhandleError[2m > [22m[2mwith Error objects[2m > [22m[2mshould log stack trace
[22m[39m[GlobalErrorHandler] Error with stack {
  code: [32m'Error'[39m,
  severity: [32m'error'[39m,
  timestamp: [32m'2025-12-29T16:20:44.300Z'[39m,
  stack: [32m'Error: Error with stack\n'[39m +
    [32m'    at /home/jay/Repos/angular-enterprise-blueprint/src/app/core/error-handling/global-error-handler.spec.ts:70:23\n'[39m +
    [32m'    at file:///home/jay/Repos/angular-enterprise-blueprint/node_modules/@vitest/runner/dist/index.js:145:11\n'[39m +
    [32m'    at file:///home/jay/Repos/angular-enterprise-blueprint/node_modules/@vitest/runner/dist/index.js:915:26\n'[39m +
    [32m'    at file:///home/jay/Repos/angular-enterprise-blueprint/node_modules/@vitest/runner/dist/index.js:1243:20\n'[39m +
    [32m'    at new Promise (<anonymous>)\n'[39m +
    [32m'    at runWithTimeout (file:///home/jay/Repos/angular-enterprise-blueprint/node_modules/@vitest/runner/dist/index.js:1209:10)\n'[39m +
    [32m'    at file:///home/jay/Repos/angular-enterprise-blueprint/node_modules/@vitest/runner/dist/index.js:1653:37\n'[39m +
    [32m'    at Traces.$ (file:///home/jay/Repos/angular-enterprise-blueprint/node_modules/vitest/dist/chunks/traces.U4xDYhzZ.js:115:27)\n'[39m +
    [32m'    at trace (file:///home/jay/Repos/angular-enterprise-blueprint/node_modules/vitest/dist/chunks/test.B8ej_ZHS.js:239:21)\n'[39m +
    [32m'    at runTest (file:///home/jay/Repos/angular-enterprise-blueprint/node_modules/@vitest/runner/dist/index.js:1653:12)'[39m
}
[GlobalErrorHandler] Stack trace: Error: Error with stack
    at /home/jay/Repos/angular-enterprise-blueprint/src/app/core/error-handling/global-error-handler.spec.ts:70:23
    at file:///home/jay/Repos/angular-enterprise-blueprint/node_modules/@vitest/runner/dist/index.js:145:11
    at file:///home/jay/Repos/angular-enterprise-blueprint/node_modules/@vitest/runner/dist/index.js:915:26
    at file:///home/jay/Repos/angular-enterprise-blueprint/node_modules/@vitest/runner/dist/index.js:1243:20
    at new Promise (<anonymous>)
    at runWithTimeout (file:///home/jay/Repos/angular-enterprise-blueprint/node_modules/@vitest/runner/dist/index.js:1209:10)
    at file:///home/jay/Repos/angular-enterprise-blueprint/node_modules/@vitest/runner/dist/index.js:1653:37
    at Traces.$ (file:///home/jay/Repos/angular-enterprise-blueprint/node_modules/vitest/dist/chunks/traces.U4xDYhzZ.js:115:27)
    at trace (file:///home/jay/Repos/angular-enterprise-blueprint/node_modules/vitest/dist/chunks/test.B8ej_ZHS.js:239:21)
    at runTest (file:///home/jay/Repos/angular-enterprise-blueprint/node_modules/@vitest/runner/dist/index.js:1653:12)
[User Notification] An unexpected error occurred. Please try again. (Error)

[90mstderr[2m | src/app/core/error-handling/global-error-handler.spec.ts[2m > [22m[2mGlobalErrorHandler[2m > [22m[2mhandleError[2m > [22m[2mwith Error objects[2m > [22m[2mshould notify user with generic message
[22m[39m[GlobalErrorHandler] Internal technical error {
  code: [32m'Error'[39m,
  severity: [32m'error'[39m,
  timestamp: [32m'2025-12-29T16:20:44.303Z'[39m,
  stack: [32m'Error: Internal technical error\n'[39m +
    [32m'    at /home/jay/Repos/angular-enterprise-blueprint/src/app/core/error-handling/global-error-handler.spec.ts:88:23\n'[39m +
    [32m'    at file:///home/jay/Repos/angular-enterprise-blueprint/node_modules/@vitest/runner/dist/index.js:145:11\n'[39m +
    [32m'    at file:///home/jay/Repos/angular-enterprise-blueprint/node_modules/@vitest/runner/dist/index.js:915:26\n'[39m +
    [32m'    at file:///home/jay/Repos/angular-enterprise-blueprint/node_modules/@vitest/runner/dist/index.js:1243:20\n'[39m +
    [32m'    at new Promise (<anonymous>)\n'[39m +
    [32m'    at runWithTimeout (file:///home/jay/Repos/angular-enterprise-blueprint/node_modules/@vitest/runner/dist/index.js:1209:10)\n'[39m +
    [32m'    at file:///home/jay/Repos/angular-enterprise-blueprint/node_modules/@vitest/runner/dist/index.js:1653:37\n'[39m +
    [32m'    at Traces.$ (file:///home/jay/Repos/angular-enterprise-blueprint/node_modules/vitest/dist/chunks/traces.U4xDYhzZ.js:115:27)\n'[39m +
    [32m'    at trace (file:///home/jay/Repos/angular-enterprise-blueprint/node_modules/vitest/dist/chunks/test.B8ej_ZHS.js:239:21)\n'[39m +
    [32m'    at runTest (file:///home/jay/Repos/angular-enterprise-blueprint/node_modules/@vitest/runner/dist/index.js:1653:12)'[39m
}
[GlobalErrorHandler] Stack trace: Error: Internal technical error
    at /home/jay/Repos/angular-enterprise-blueprint/src/app/core/error-handling/global-error-handler.spec.ts:88:23
    at file:///home/jay/Repos/angular-enterprise-blueprint/node_modules/@vitest/runner/dist/index.js:145:11
    at file:///home/jay/Repos/angular-enterprise-blueprint/node_modules/@vitest/runner/dist/index.js:915:26
    at file:///home/jay/Repos/angular-enterprise-blueprint/node_modules/@vitest/runner/dist/index.js:1243:20
    at new Promise (<anonymous>)
    at runWithTimeout (file:///home/jay/Repos/angular-enterprise-blueprint/node_modules/@vitest/runner/dist/index.js:1209:10)
    at file:///home/jay/Repos/angular-enterprise-blueprint/node_modules/@vitest/runner/dist/index.js:1653:37
    at Traces.$ (file:///home/jay/Repos/angular-enterprise-blueprint/node_modules/vitest/dist/chunks/traces.U4xDYhzZ.js:115:27)
    at trace (file:///home/jay/Repos/angular-enterprise-blueprint/node_modules/vitest/dist/chunks/test.B8ej_ZHS.js:239:21)
    at runTest (file:///home/jay/Repos/angular-enterprise-blueprint/node_modules/@vitest/runner/dist/index.js:1653:12)
[User Notification] An unexpected error occurred. Please try again. (Error)

[90mstderr[2m | src/app/core/error-handling/global-error-handler.spec.ts[2m > [22m[2mGlobalErrorHandler[2m > [22m[2mhandleError[2m > [22m[2mwith string errors[2m > [22m[2mshould handle string errors
[22m[39m[GlobalErrorHandler] String error message {
  code: [90mundefined[39m,
  severity: [32m'error'[39m,
  timestamp: [32m'2025-12-29T16:20:44.306Z'[39m
}
[User Notification] An unexpected error occurred. Please try again.

[90mstderr[2m | src/app/core/error-handling/global-error-handler.spec.ts[2m > [22m[2mGlobalErrorHandler[2m > [22m[2mhandleError[2m > [22m[2mwith string errors[2m > [22m[2mshould notify user for string errors
[22m[39m[GlobalErrorHandler] Something broke {
  code: [90mundefined[39m,
  severity: [32m'error'[39m,
  timestamp: [32m'2025-12-29T16:20:44.308Z'[39m
}
[User Notification] An unexpected error occurred. Please try again.

[90mstderr[2m | src/app/core/error-handling/global-error-handler.spec.ts[2m > [22m[2mGlobalErrorHandler[2m > [22m[2mhandleError[2m > [22m[2mwith error-like objects[2m > [22m[2mshould handle objects with message property
[22m[39m[GlobalErrorHandler] Custom error object {
  code: [90mundefined[39m,
  severity: [32m'error'[39m,
  timestamp: [32m'2025-12-29T16:20:44.311Z'[39m,
  raw: { message: [32m'Custom error object'[39m }
}
[User Notification] An unexpected error occurred. Please try again.

[90mstderr[2m | src/app/core/error-handling/global-error-handler.spec.ts[2m > [22m[2mGlobalErrorHandler[2m > [22m[2mhandleError[2m > [22m[2mwith error-like objects[2m > [22m[2mshould include name if present
[22m[39m[GlobalErrorHandler] Custom error {
  code: [32m'CustomError'[39m,
  severity: [32m'error'[39m,
  timestamp: [32m'2025-12-29T16:20:44.314Z'[39m,
  raw: { message: [32m'Custom error'[39m, name: [32m'CustomError'[39m }
}
[User Notification] An unexpected error occurred. Please try again. (CustomError)

 [32m✓[39m [30m[43m angular-enterprise-blueprint [49m[39m src/app/features/contact/services/contact.service.spec.ts [2m([22m[2m23 tests[22m[2m)[22m[32m 85[2mms[22m[39m
[90mstderr[2m | src/app/core/error-handling/global-error-handler.spec.ts[2m > [22m[2mGlobalErrorHandler[2m > [22m[2mhandleError[2m > [22m[2mwith unknown error types[2m > [22m[2mshould handle null errors
[22m[39m[GlobalErrorHandler] An unknown error occurred {
  code: [90mundefined[39m,
  severity: [32m'error'[39m,
  timestamp: [32m'2025-12-29T16:20:44.318Z'[39m,
  raw: [32m'null'[39m
}
[User Notification] An unexpected error occurred. Please try again.

[90mstdout[2m | src/app/core/auth/strategies/mock-auth.strategy.spec.ts[2m > [22m[2mMockAuthStrategy[2m > [22m[2mcheckSession[2m > [22m[2mshould log session check
[22m[39m[MockAuth] Checking session
[MockAuth] No valid session found

[90mstderr[2m | src/app/core/error-handling/global-error-handler.spec.ts[2m > [22m[2mGlobalErrorHandler[2m > [22m[2mhandleError[2m > [22m[2mwith unknown error types[2m > [22m[2mshould handle undefined errors
[22m[39m[GlobalErrorHandler] An unknown error occurred {
  code: [90mundefined[39m,
  severity: [32m'error'[39m,
  timestamp: [32m'2025-12-29T16:20:44.321Z'[39m,
  raw: [32m'undefined'[39m
}
[User Notification] An unexpected error occurred. Please try again.

[90mstderr[2m | src/app/core/error-handling/global-error-handler.spec.ts[2m > [22m[2mGlobalErrorHandler[2m > [22m[2mhandleError[2m > [22m[2mwith unknown error types[2m > [22m[2mshould handle number errors
[22m[39m[GlobalErrorHandler] An unknown error occurred {
  code: [90mundefined[39m,
  severity: [32m'error'[39m,
  timestamp: [32m'2025-12-29T16:20:44.324Z'[39m,
  raw: [32m'42'[39m
}
[User Notification] An unexpected error occurred. Please try again.

[90mstderr[2m | src/app/core/error-handling/global-error-handler.spec.ts[2m > [22m[2mGlobalErrorHandler[2m > [22m[2mhandleError[2m > [22m[2mwith unknown error types[2m > [22m[2mshould handle object without message property
[22m[39m[GlobalErrorHandler] An unknown error occurred {
  code: [90mundefined[39m,
  severity: [32m'error'[39m,
  timestamp: [32m'2025-12-29T16:20:44.327Z'[39m,
  raw: [32m'[object Object]'[39m
}
[User Notification] An unexpected error occurred. Please try again.

 [32m✓[39m [30m[43m angular-enterprise-blueprint [49m[39m src/app/core/services/theme/theme.service.spec.ts [2m([22m[2m41 tests[22m[2m)[22m[32m 207[2mms[22m[39m
[90mstderr[2m | src/app/core/error-handling/global-error-handler.spec.ts[2m > [22m[2mGlobalErrorHandler[2m > [22m[2mhandleError[2m > [22m[2mNgZone handling[2m > [22m[2mshould run error handling outside Angular zone
[22m[39m[GlobalErrorHandler] Test {
  code: [32m'Error'[39m,
  severity: [32m'error'[39m,
  timestamp: [32m'2025-12-29T16:20:44.332Z'[39m,
  stack: [32m'Error: Test\n'[39m +
    [32m'    at /home/jay/Repos/angular-enterprise-blueprint/src/app/core/error-handling/global-error-handler.spec.ts:192:29\n'[39m +
    [32m'    at file:///home/jay/Repos/angular-enterprise-blueprint/node_modules/@vitest/runner/dist/index.js:145:11\n'[39m +
    [32m'    at file:///home/jay/Repos/angular-enterprise-blueprint/node_modules/@vitest/runner/dist/index.js:915:26\n'[39m +
    [32m'    at file:///home/jay/Repos/angular-enterprise-blueprint/node_modules/@vitest/runner/dist/index.js:1243:20\n'[39m +
    [32m'    at new Promise (<anonymous>)\n'[39m +
    [32m'    at runWithTimeout (file:///home/jay/Repos/angular-enterprise-blueprint/node_modules/@vitest/runner/dist/index.js:1209:10)\n'[39m +
    [32m'    at file:///home/jay/Repos/angular-enterprise-blueprint/node_modules/@vitest/runner/dist/index.js:1653:37\n'[39m +
    [32m'    at Traces.$ (file:///home/jay/Repos/angular-enterprise-blueprint/node_modules/vitest/dist/chunks/traces.U4xDYhzZ.js:115:27)\n'[39m +
    [32m'    at trace (file:///home/jay/Repos/angular-enterprise-blueprint/node_modules/vitest/dist/chunks/test.B8ej_ZHS.js:239:21)\n'[39m +
    [32m'    at runTest (file:///home/jay/Repos/angular-enterprise-blueprint/node_modules/@vitest/runner/dist/index.js:1653:12)'[39m
}
[GlobalErrorHandler] Stack trace: Error: Test
    at /home/jay/Repos/angular-enterprise-blueprint/src/app/core/error-handling/global-error-handler.spec.ts:192:29
    at file:///home/jay/Repos/angular-enterprise-blueprint/node_modules/@vitest/runner/dist/index.js:145:11
    at file:///home/jay/Repos/angular-enterprise-blueprint/node_modules/@vitest/runner/dist/index.js:915:26
    at file:///home/jay/Repos/angular-enterprise-blueprint/node_modules/@vitest/runner/dist/index.js:1243:20
    at new Promise (<anonymous>)
    at runWithTimeout (file:///home/jay/Repos/angular-enterprise-blueprint/node_modules/@vitest/runner/dist/index.js:1209:10)
    at file:///home/jay/Repos/angular-enterprise-blueprint/node_modules/@vitest/runner/dist/index.js:1653:37
    at Traces.$ (file:///home/jay/Repos/angular-enterprise-blueprint/node_modules/vitest/dist/chunks/traces.U4xDYhzZ.js:115:27)
    at trace (file:///home/jay/Repos/angular-enterprise-blueprint/node_modules/vitest/dist/chunks/test.B8ej_ZHS.js:239:21)
    at runTest (file:///home/jay/Repos/angular-enterprise-blueprint/node_modules/@vitest/runner/dist/index.js:1653:12)
[User Notification] An unexpected error occurred. Please try again. (Error)

[90mstderr[2m | src/app/core/error-handling/global-error-handler.spec.ts[2m > [22m[2mGlobalErrorHandler[2m > [22m[2mhandleError[2m > [22m[2mNgZone handling[2m > [22m[2mshould notify user inside Angular zone
[22m[39m[GlobalErrorHandler] Test {
  code: [32m'Error'[39m,
  severity: [32m'error'[39m,
  timestamp: [32m'2025-12-29T16:20:44.336Z'[39m,
  stack: [32m'Error: Test\n'[39m +
    [32m'    at /home/jay/Repos/angular-enterprise-blueprint/src/app/core/error-handling/global-error-handler.spec.ts:201:29\n'[39m +
    [32m'    at file:///home/jay/Repos/angular-enterprise-blueprint/node_modules/@vitest/runner/dist/index.js:145:11\n'[39m +
    [32m'    at file:///home/jay/Repos/angular-enterprise-blueprint/node_modules/@vitest/runner/dist/index.js:915:26\n'[39m +
    [32m'    at file:///home/jay/Repos/angular-enterprise-blueprint/node_modules/@vitest/runner/dist/index.js:1243:20\n'[39m +
    [32m'    at new Promise (<anonymous>)\n'[39m +
    [32m'    at runWithTimeout (file:///home/jay/Repos/angular-enterprise-blueprint/node_modules/@vitest/runner/dist/index.js:1209:10)\n'[39m +
    [32m'    at file:///home/jay/Repos/angular-enterprise-blueprint/node_modules/@vitest/runner/dist/index.js:1653:37\n'[39m +
    [32m'    at Traces.$ (file:///home/jay/Repos/angular-enterprise-blueprint/node_modules/vitest/dist/chunks/traces.U4xDYhzZ.js:115:27)\n'[39m +
    [32m'    at trace (file:///home/jay/Repos/angular-enterprise-blueprint/node_modules/vitest/dist/chunks/test.B8ej_ZHS.js:239:21)\n'[39m +
    [32m'    at runTest (file:///home/jay/Repos/angular-enterprise-blueprint/node_modules/@vitest/runner/dist/index.js:1653:12)'[39m
}
[GlobalErrorHandler] Stack trace: Error: Test
    at /home/jay/Repos/angular-enterprise-blueprint/src/app/core/error-handling/global-error-handler.spec.ts:201:29
    at file:///home/jay/Repos/angular-enterprise-blueprint/node_modules/@vitest/runner/dist/index.js:145:11
    at file:///home/jay/Repos/angular-enterprise-blueprint/node_modules/@vitest/runner/dist/index.js:915:26
    at file:///home/jay/Repos/angular-enterprise-blueprint/node_modules/@vitest/runner/dist/index.js:1243:20
    at new Promise (<anonymous>)
    at runWithTimeout (file:///home/jay/Repos/angular-enterprise-blueprint/node_modules/@vitest/runner/dist/index.js:1209:10)
    at file:///home/jay/Repos/angular-enterprise-blueprint/node_modules/@vitest/runner/dist/index.js:1653:37
    at Traces.$ (file:///home/jay/Repos/angular-enterprise-blueprint/node_modules/vitest/dist/chunks/traces.U4xDYhzZ.js:115:27)
    at trace (file:///home/jay/Repos/angular-enterprise-blueprint/node_modules/vitest/dist/chunks/test.B8ej_ZHS.js:239:21)
    at runTest (file:///home/jay/Repos/angular-enterprise-blueprint/node_modules/@vitest/runner/dist/index.js:1653:12)
[User Notification] An unexpected error occurred. Please try again. (Error)

[90mstderr[2m | src/app/core/error-handling/global-error-handler.spec.ts[2m > [22m[2mGlobalErrorHandler[2m > [22m[2mhandleError[2m > [22m[2merror normalization[2m > [22m[2mshould include timestamp in normalized error
[22m[39m[GlobalErrorHandler] Test {
  code: [32m'Error'[39m,
  severity: [32m'error'[39m,
  timestamp: [32m'2025-12-29T16:20:44.344Z'[39m,
  stack: [32m'Error: Test\n'[39m +
    [32m'    at /home/jay/Repos/angular-enterprise-blueprint/src/app/core/error-handling/global-error-handler.spec.ts:212:29\n'[39m +
    [32m'    at file:///home/jay/Repos/angular-enterprise-blueprint/node_modules/@vitest/runner/dist/index.js:145:11\n'[39m +
    [32m'    at file:///home/jay/Repos/angular-enterprise-blueprint/node_modules/@vitest/runner/dist/index.js:915:26\n'[39m +
    [32m'    at file:///home/jay/Repos/angular-enterprise-blueprint/node_modules/@vitest/runner/dist/index.js:1243:20\n'[39m +
    [32m'    at new Promise (<anonymous>)\n'[39m +
    [32m'    at runWithTimeout (file:///home/jay/Repos/angular-enterprise-blueprint/node_modules/@vitest/runner/dist/index.js:1209:10)\n'[39m +
    [32m'    at file:///home/jay/Repos/angular-enterprise-blueprint/node_modules/@vitest/runner/dist/index.js:1653:37\n'[39m +
    [32m'    at Traces.$ (file:///home/jay/Repos/angular-enterprise-blueprint/node_modules/vitest/dist/chunks/traces.U4xDYhzZ.js:115:27)\n'[39m +
    [32m'    at trace (file:///home/jay/Repos/angular-enterprise-blueprint/node_modules/vitest/dist/chunks/test.B8ej_ZHS.js:239:21)\n'[39m +
    [32m'    at runTest (file:///home/jay/Repos/angular-enterprise-blueprint/node_modules/@vitest/runner/dist/index.js:1653:12)'[39m
}
[GlobalErrorHandler] Stack trace: Error: Test
    at /home/jay/Repos/angular-enterprise-blueprint/src/app/core/error-handling/global-error-handler.spec.ts:212:29
    at file:///home/jay/Repos/angular-enterprise-blueprint/node_modules/@vitest/runner/dist/index.js:145:11
    at file:///home/jay/Repos/angular-enterprise-blueprint/node_modules/@vitest/runner/dist/index.js:915:26
    at file:///home/jay/Repos/angular-enterprise-blueprint/node_modules/@vitest/runner/dist/index.js:1243:20
    at new Promise (<anonymous>)
    at runWithTimeout (file:///home/jay/Repos/angular-enterprise-blueprint/node_modules/@vitest/runner/dist/index.js:1209:10)
    at file:///home/jay/Repos/angular-enterprise-blueprint/node_modules/@vitest/runner/dist/index.js:1653:37
    at Traces.$ (file:///home/jay/Repos/angular-enterprise-blueprint/node_modules/vitest/dist/chunks/traces.U4xDYhzZ.js:115:27)
    at trace (file:///home/jay/Repos/angular-enterprise-blueprint/node_modules/vitest/dist/chunks/test.B8ej_ZHS.js:239:21)
    at runTest (file:///home/jay/Repos/angular-enterprise-blueprint/node_modules/@vitest/runner/dist/index.js:1653:12)
[User Notification] An unexpected error occurred. Please try again. (Error)

[90mstderr[2m | src/app/core/error-handling/global-error-handler.spec.ts[2m > [22m[2mGlobalErrorHandler[2m > [22m[2mhandleError[2m > [22m[2merror normalization[2m > [22m[2mshould set severity to error by default
[22m[39m[GlobalErrorHandler] Test {
  code: [32m'Error'[39m,
  severity: [32m'error'[39m,
  timestamp: [32m'2025-12-29T16:20:44.350Z'[39m,
  stack: [32m'Error: Test\n'[39m +
    [32m'    at /home/jay/Repos/angular-enterprise-blueprint/src/app/core/error-handling/global-error-handler.spec.ts:224:29\n'[39m +
    [32m'    at file:///home/jay/Repos/angular-enterprise-blueprint/node_modules/@vitest/runner/dist/index.js:145:11\n'[39m +
    [32m'    at file:///home/jay/Repos/angular-enterprise-blueprint/node_modules/@vitest/runner/dist/index.js:915:26\n'[39m +
    [32m'    at file:///home/jay/Repos/angular-enterprise-blueprint/node_modules/@vitest/runner/dist/index.js:1243:20\n'[39m +
    [32m'    at new Promise (<anonymous>)\n'[39m +
    [32m'    at runWithTimeout (file:///home/jay/Repos/angular-enterprise-blueprint/node_modules/@vitest/runner/dist/index.js:1209:10)\n'[39m +
    [32m'    at file:///home/jay/Repos/angular-enterprise-blueprint/node_modules/@vitest/runner/dist/index.js:1653:37\n'[39m +
    [32m'    at Traces.$ (file:///home/jay/Repos/angular-enterprise-blueprint/node_modules/vitest/dist/chunks/traces.U4xDYhzZ.js:115:27)\n'[39m +
    [32m'    at trace (file:///home/jay/Repos/angular-enterprise-blueprint/node_modules/vitest/dist/chunks/test.B8ej_ZHS.js:239:21)\n'[39m +
    [32m'    at runTest (file:///home/jay/Repos/angular-enterprise-blueprint/node_modules/@vitest/runner/dist/index.js:1653:12)'[39m
}
[GlobalErrorHandler] Stack trace: Error: Test
    at /home/jay/Repos/angular-enterprise-blueprint/src/app/core/error-handling/global-error-handler.spec.ts:224:29
    at file:///home/jay/Repos/angular-enterprise-blueprint/node_modules/@vitest/runner/dist/index.js:145:11
    at file:///home/jay/Repos/angular-enterprise-blueprint/node_modules/@vitest/runner/dist/index.js:915:26
    at file:///home/jay/Repos/angular-enterprise-blueprint/node_modules/@vitest/runner/dist/index.js:1243:20
    at new Promise (<anonymous>)
    at runWithTimeout (file:///home/jay/Repos/angular-enterprise-blueprint/node_modules/@vitest/runner/dist/index.js:1209:10)
    at file:///home/jay/Repos/angular-enterprise-blueprint/node_modules/@vitest/runner/dist/index.js:1653:37
    at Traces.$ (file:///home/jay/Repos/angular-enterprise-blueprint/node_modules/vitest/dist/chunks/traces.U4xDYhzZ.js:115:27)
    at trace (file:///home/jay/Repos/angular-enterprise-blueprint/node_modules/vitest/dist/chunks/test.B8ej_ZHS.js:239:21)
    at runTest (file:///home/jay/Repos/angular-enterprise-blueprint/node_modules/@vitest/runner/dist/index.js:1653:12)
[User Notification] An unexpected error occurred. Please try again. (Error)

[90mstderr[2m | src/app/core/error-handling/global-error-handler.spec.ts[2m > [22m[2mGlobalErrorHandler[2m > [22m[2mhandleError[2m > [22m[2mwith Error.cause (ES2022+)[2m > [22m[2mshould include string cause in context
[22m[39m[GlobalErrorHandler] Wrapper error {
  code: [32m'Error'[39m,
  severity: [32m'error'[39m,
  timestamp: [32m'2025-12-29T16:20:44.353Z'[39m,
  stack: [32m'Error: Wrapper error\n'[39m +
    [32m'    at /home/jay/Repos/angular-enterprise-blueprint/src/app/core/error-handling/global-error-handler.spec.ts:235:23\n'[39m +
    [32m'    at file:///home/jay/Repos/angular-enterprise-blueprint/node_modules/@vitest/runner/dist/index.js:145:11\n'[39m +
    [32m'    at file:///home/jay/Repos/angular-enterprise-blueprint/node_modules/@vitest/runner/dist/index.js:915:26\n'[39m +
    [32m'    at file:///home/jay/Repos/angular-enterprise-blueprint/node_modules/@vitest/runner/dist/index.js:1243:20\n'[39m +
    [32m'    at new Promise (<anonymous>)\n'[39m +
    [32m'    at runWithTimeout (file:///home/jay/Repos/angular-enterprise-blueprint/node_modules/@vitest/runner/dist/index.js:1209:10)\n'[39m +
    [32m'    at file:///home/jay/Repos/angular-enterprise-blueprint/node_modules/@vitest/runner/dist/index.js:1653:37\n'[39m +
    [32m'    at Traces.$ (file:///home/jay/Repos/angular-enterprise-blueprint/node_modules/vitest/dist/chunks/traces.U4xDYhzZ.js:115:27)\n'[39m +
    [32m'    at trace (file:///home/jay/Repos/angular-enterprise-blueprint/node_modules/vitest/dist/chunks/test.B8ej_ZHS.js:239:21)\n'[39m +
    [32m'    at runTest (file:///home/jay/Repos/angular-enterprise-blueprint/node_modules/@vitest/runner/dist/index.js:1653:12)'[39m,
  cause: [32m'Original cause'[39m
}
[GlobalErrorHandler] Stack trace: Error: Wrapper error
    at /home/jay/Repos/angular-enterprise-blueprint/src/app/core/error-handling/global-error-handler.spec.ts:235:23
    at file:///home/jay/Repos/angular-enterprise-blueprint/node_modules/@vitest/runner/dist/index.js:145:11
    at file:///home/jay/Repos/angular-enterprise-blueprint/node_modules/@vitest/runner/dist/index.js:915:26
    at file:///home/jay/Repos/angular-enterprise-blueprint/node_modules/@vitest/runner/dist/index.js:1243:20
    at new Promise (<anonymous>)
    at runWithTimeout (file:///home/jay/Repos/angular-enterprise-blueprint/node_modules/@vitest/runner/dist/index.js:1209:10)
    at file:///home/jay/Repos/angular-enterprise-blueprint/node_modules/@vitest/runner/dist/index.js:1653:37
    at Traces.$ (file:///home/jay/Repos/angular-enterprise-blueprint/node_modules/vitest/dist/chunks/traces.U4xDYhzZ.js:115:27)
    at trace (file:///home/jay/Repos/angular-enterprise-blueprint/node_modules/vitest/dist/chunks/test.B8ej_ZHS.js:239:21)
    at runTest (file:///home/jay/Repos/angular-enterprise-blueprint/node_modules/@vitest/runner/dist/index.js:1653:12)
[User Notification] An unexpected error occurred. Please try again. (Error)

[90mstderr[2m | src/app/core/error-handling/global-error-handler.spec.ts[2m > [22m[2mGlobalErrorHandler[2m > [22m[2mhandleError[2m > [22m[2mwith Error.cause (ES2022+)[2m > [22m[2mshould JSON stringify object cause
[22m[39m[GlobalErrorHandler] Wrapper error {
  code: [32m'Error'[39m,
  severity: [32m'error'[39m,
  timestamp: [32m'2025-12-29T16:20:44.356Z'[39m,
  stack: [32m'Error: Wrapper error\n'[39m +
    [32m'    at /home/jay/Repos/angular-enterprise-blueprint/src/app/core/error-handling/global-error-handler.spec.ts:247:23\n'[39m +
    [32m'    at file:///home/jay/Repos/angular-enterprise-blueprint/node_modules/@vitest/runner/dist/index.js:145:11\n'[39m +
    [32m'    at file:///home/jay/Repos/angular-enterprise-blueprint/node_modules/@vitest/runner/dist/index.js:915:26\n'[39m +
    [32m'    at file:///home/jay/Repos/angular-enterprise-blueprint/node_modules/@vitest/runner/dist/index.js:1243:20\n'[39m +
    [32m'    at new Promise (<anonymous>)\n'[39m +
    [32m'    at runWithTimeout (file:///home/jay/Repos/angular-enterprise-blueprint/node_modules/@vitest/runner/dist/index.js:1209:10)\n'[39m +
    [32m'    at file:///home/jay/Repos/angular-enterprise-blueprint/node_modules/@vitest/runner/dist/index.js:1653:37\n'[39m +
    [32m'    at Traces.$ (file:///home/jay/Repos/angular-enterprise-blueprint/node_modules/vitest/dist/chunks/traces.U4xDYhzZ.js:115:27)\n'[39m +
    [32m'    at trace (file:///home/jay/Repos/angular-enterprise-blueprint/node_modules/vitest/dist/chunks/test.B8ej_ZHS.js:239:21)\n'[39m +
    [32m'    at runTest (file:///home/jay/Repos/angular-enterprise-blueprint/node_modules/@vitest/runner/dist/index.js:1653:12)'[39m,
  cause: [32m'{"code":"ERR_001","details":"Some details"}'[39m
}
[GlobalErrorHandler] Stack trace: Error: Wrapper error
    at /home/jay/Repos/angular-enterprise-blueprint/src/app/core/error-handling/global-error-handler.spec.ts:247:23
    at file:///home/jay/Repos/angular-enterprise-blueprint/node_modules/@vitest/runner/dist/index.js:145:11
    at file:///home/jay/Repos/angular-enterprise-blueprint/node_modules/@vitest/runner/dist/index.js:915:26
    at file:///home/jay/Repos/angular-enterprise-blueprint/node_modules/@vitest/runner/dist/index.js:1243:20
    at new Promise (<anonymous>)
    at runWithTimeout (file:///home/jay/Repos/angular-enterprise-blueprint/node_modules/@vitest/runner/dist/index.js:1209:10)
    at file:///home/jay/Repos/angular-enterprise-blueprint/node_modules/@vitest/runner/dist/index.js:1653:37
    at Traces.$ (file:///home/jay/Repos/angular-enterprise-blueprint/node_modules/vitest/dist/chunks/traces.U4xDYhzZ.js:115:27)
    at trace (file:///home/jay/Repos/angular-enterprise-blueprint/node_modules/vitest/dist/chunks/test.B8ej_ZHS.js:239:21)
    at runTest (file:///home/jay/Repos/angular-enterprise-blueprint/node_modules/@vitest/runner/dist/index.js:1653:12)
[User Notification] An unexpected error occurred. Please try again. (Error)

[90mstderr[2m | src/app/core/error-handling/global-error-handler.spec.ts[2m > [22m[2mGlobalErrorHandler[2m > [22m[2mhandleError[2m > [22m[2mwith Error.cause (ES2022+)[2m > [22m[2mshould handle errors without cause
[22m[39m[GlobalErrorHandler] Error without cause {
  code: [32m'Error'[39m,
  severity: [32m'error'[39m,
  timestamp: [32m'2025-12-29T16:20:44.360Z'[39m,
  stack: [32m'Error: Error without cause\n'[39m +
    [32m'    at /home/jay/Repos/angular-enterprise-blueprint/src/app/core/error-handling/global-error-handler.spec.ts:258:23\n'[39m +
    [32m'    at file:///home/jay/Repos/angular-enterprise-blueprint/node_modules/@vitest/runner/dist/index.js:145:11\n'[39m +
    [32m'    at file:///home/jay/Repos/angular-enterprise-blueprint/node_modules/@vitest/runner/dist/index.js:915:26\n'[39m +
    [32m'    at file:///home/jay/Repos/angular-enterprise-blueprint/node_modules/@vitest/runner/dist/index.js:1243:20\n'[39m +
    [32m'    at new Promise (<anonymous>)\n'[39m +
    [32m'    at runWithTimeout (file:///home/jay/Repos/angular-enterprise-blueprint/node_modules/@vitest/runner/dist/index.js:1209:10)\n'[39m +
    [32m'    at file:///home/jay/Repos/angular-enterprise-blueprint/node_modules/@vitest/runner/dist/index.js:1653:37\n'[39m +
    [32m'    at Traces.$ (file:///home/jay/Repos/angular-enterprise-blueprint/node_modules/vitest/dist/chunks/traces.U4xDYhzZ.js:115:27)\n'[39m +
    [32m'    at trace (file:///home/jay/Repos/angular-enterprise-blueprint/node_modules/vitest/dist/chunks/test.B8ej_ZHS.js:239:21)\n'[39m +
    [32m'    at runTest (file:///home/jay/Repos/angular-enterprise-blueprint/node_modules/@vitest/runner/dist/index.js:1653:12)'[39m
}
[GlobalErrorHandler] Stack trace: Error: Error without cause
    at /home/jay/Repos/angular-enterprise-blueprint/src/app/core/error-handling/global-error-handler.spec.ts:258:23
    at file:///home/jay/Repos/angular-enterprise-blueprint/node_modules/@vitest/runner/dist/index.js:145:11
    at file:///home/jay/Repos/angular-enterprise-blueprint/node_modules/@vitest/runner/dist/index.js:915:26
    at file:///home/jay/Repos/angular-enterprise-blueprint/node_modules/@vitest/runner/dist/index.js:1243:20
    at new Promise (<anonymous>)
    at runWithTimeout (file:///home/jay/Repos/angular-enterprise-blueprint/node_modules/@vitest/runner/dist/index.js:1209:10)
    at file:///home/jay/Repos/angular-enterprise-blueprint/node_modules/@vitest/runner/dist/index.js:1653:37
    at Traces.$ (file:///home/jay/Repos/angular-enterprise-blueprint/node_modules/vitest/dist/chunks/traces.U4xDYhzZ.js:115:27)
    at trace (file:///home/jay/Repos/angular-enterprise-blueprint/node_modules/vitest/dist/chunks/test.B8ej_ZHS.js:239:21)
    at runTest (file:///home/jay/Repos/angular-enterprise-blueprint/node_modules/@vitest/runner/dist/index.js:1653:12)
[User Notification] An unexpected error occurred. Please try again. (Error)

[90mstderr[2m | src/app/core/error-handling/global-error-handler.spec.ts[2m > [22m[2mGlobalErrorHandler[2m > [22m[2mhandleError[2m > [22m[2muser-friendly messages[2m > [22m[2mshould not expose technical error messages to users
[22m[39m[GlobalErrorHandler] TypeError: Cannot read property x of undefined {
  code: [32m'Error'[39m,
  severity: [32m'error'[39m,
  timestamp: [32m'2025-12-29T16:20:44.363Z'[39m,
  stack: [32m'Error: TypeError: Cannot read property x of undefined\n'[39m +
    [32m'    at /home/jay/Repos/angular-enterprise-blueprint/src/app/core/error-handling/global-error-handler.spec.ts:271:23\n'[39m +
    [32m'    at file:///home/jay/Repos/angular-enterprise-blueprint/node_modules/@vitest/runner/dist/index.js:145:11\n'[39m +
    [32m'    at file:///home/jay/Repos/angular-enterprise-blueprint/node_modules/@vitest/runner/dist/index.js:915:26\n'[39m +
    [32m'    at file:///home/jay/Repos/angular-enterprise-blueprint/node_modules/@vitest/runner/dist/index.js:1243:20\n'[39m +
    [32m'    at new Promise (<anonymous>)\n'[39m +
    [32m'    at runWithTimeout (file:///home/jay/Repos/angular-enterprise-blueprint/node_modules/@vitest/runner/dist/index.js:1209:10)\n'[39m +
    [32m'    at file:///home/jay/Repos/angular-enterprise-blueprint/node_modules/@vitest/runner/dist/index.js:1653:37\n'[39m +
    [32m'    at Traces.$ (file:///home/jay/Repos/angular-enterprise-blueprint/node_modules/vitest/dist/chunks/traces.U4xDYhzZ.js:115:27)\n'[39m +
    [32m'    at trace (file:///home/jay/Repos/angular-enterprise-blueprint/node_modules/vitest/dist/chunks/test.B8ej_ZHS.js:239:21)\n'[39m +
    [32m'    at runTest (file:///home/jay/Repos/angular-enterprise-blueprint/node_modules/@vitest/runner/dist/index.js:1653:12)'[39m
}
[GlobalErrorHandler] Stack trace: Error: TypeError: Cannot read property x of undefined
    at /home/jay/Repos/angular-enterprise-blueprint/src/app/core/error-handling/global-error-handler.spec.ts:271:23
    at file:///home/jay/Repos/angular-enterprise-blueprint/node_modules/@vitest/runner/dist/index.js:145:11
    at file:///home/jay/Repos/angular-enterprise-blueprint/node_modules/@vitest/runner/dist/index.js:915:26
    at file:///home/jay/Repos/angular-enterprise-blueprint/node_modules/@vitest/runner/dist/index.js:1243:20
    at new Promise (<anonymous>)
    at runWithTimeout (file:///home/jay/Repos/angular-enterprise-blueprint/node_modules/@vitest/runner/dist/index.js:1209:10)
    at file:///home/jay/Repos/angular-enterprise-blueprint/node_modules/@vitest/runner/dist/index.js:1653:37
    at Traces.$ (file:///home/jay/Repos/angular-enterprise-blueprint/node_modules/vitest/dist/chunks/traces.U4xDYhzZ.js:115:27)
    at trace (file:///home/jay/Repos/angular-enterprise-blueprint/node_modules/vitest/dist/chunks/test.B8ej_ZHS.js:239:21)
    at runTest (file:///home/jay/Repos/angular-enterprise-blueprint/node_modules/@vitest/runner/dist/index.js:1653:12)
[User Notification] An unexpected error occurred. Please try again. (Error)

[90mstderr[2m | src/app/core/error-handling/global-error-handler.spec.ts[2m > [22m[2mGlobalErrorHandler[2m > [22m[2mhandleError[2m > [22m[2muser-friendly messages[2m > [22m[2mshould pass error code to notification service
[22m[39m[GlobalErrorHandler] Index out of bounds {
  code: [32m'RangeError'[39m,
  severity: [32m'error'[39m,
  timestamp: [32m'2025-12-29T16:20:44.365Z'[39m,
  stack: [32m'RangeError: Index out of bounds\n'[39m +
    [32m'    at /home/jay/Repos/angular-enterprise-blueprint/src/app/core/error-handling/global-error-handler.spec.ts:284:23\n'[39m +
    [32m'    at file:///home/jay/Repos/angular-enterprise-blueprint/node_modules/@vitest/runner/dist/index.js:145:11\n'[39m +
    [32m'    at file:///home/jay/Repos/angular-enterprise-blueprint/node_modules/@vitest/runner/dist/index.js:915:26\n'[39m +
    [32m'    at file:///home/jay/Repos/angular-enterprise-blueprint/node_modules/@vitest/runner/dist/index.js:1243:20\n'[39m +
    [32m'    at new Promise (<anonymous>)\n'[39m +
    [32m'    at runWithTimeout (file:///home/jay/Repos/angular-enterprise-blueprint/node_modules/@vitest/runner/dist/index.js:1209:10)\n'[39m +
    [32m'    at file:///home/jay/Repos/angular-enterprise-blueprint/node_modules/@vitest/runner/dist/index.js:1653:37\n'[39m +
    [32m'    at Traces.$ (file:///home/jay/Repos/angular-enterprise-blueprint/node_modules/vitest/dist/chunks/traces.U4xDYhzZ.js:115:27)\n'[39m +
    [32m'    at trace (file:///home/jay/Repos/angular-enterprise-blueprint/node_modules/vitest/dist/chunks/test.B8ej_ZHS.js:239:21)\n'[39m +
    [32m'    at runTest (file:///home/jay/Repos/angular-enterprise-blueprint/node_modules/@vitest/runner/dist/index.js:1653:12)'[39m
}
[GlobalErrorHandler] Stack trace: RangeError: Index out of bounds
    at /home/jay/Repos/angular-enterprise-blueprint/src/app/core/error-handling/global-error-handler.spec.ts:284:23
    at file:///home/jay/Repos/angular-enterprise-blueprint/node_modules/@vitest/runner/dist/index.js:145:11
    at file:///home/jay/Repos/angular-enterprise-blueprint/node_modules/@vitest/runner/dist/index.js:915:26
    at file:///home/jay/Repos/angular-enterprise-blueprint/node_modules/@vitest/runner/dist/index.js:1243:20
    at new Promise (<anonymous>)
    at runWithTimeout (file:///home/jay/Repos/angular-enterprise-blueprint/node_modules/@vitest/runner/dist/index.js:1209:10)
    at file:///home/jay/Repos/angular-enterprise-blueprint/node_modules/@vitest/runner/dist/index.js:1653:37
    at Traces.$ (file:///home/jay/Repos/angular-enterprise-blueprint/node_modules/vitest/dist/chunks/traces.U4xDYhzZ.js:115:27)
    at trace (file:///home/jay/Repos/angular-enterprise-blueprint/node_modules/vitest/dist/chunks/test.B8ej_ZHS.js:239:21)
    at runTest (file:///home/jay/Repos/angular-enterprise-blueprint/node_modules/@vitest/runner/dist/index.js:1653:12)
[User Notification] An unexpected error occurred. Please try again. (RangeError)

[90mstderr[2m | src/app/core/error-handling/global-error-handler.spec.ts[2m > [22m[2mGlobalErrorHandler[2m > [22m[2mhandleError[2m > [22m[2mmultiple errors in sequence[2m > [22m[2mshould handle multiple errors independently
[22m[39m[GlobalErrorHandler] First error {
  code: [32m'Error'[39m,
  severity: [32m'error'[39m,
  timestamp: [32m'2025-12-29T16:20:44.369Z'[39m,
  stack: [32m'Error: First error\n'[39m +
    [32m'    at /home/jay/Repos/angular-enterprise-blueprint/src/app/core/error-handling/global-error-handler.spec.ts:299:29\n'[39m +
    [32m'    at file:///home/jay/Repos/angular-enterprise-blueprint/node_modules/@vitest/runner/dist/index.js:145:11\n'[39m +
    [32m'    at file:///home/jay/Repos/angular-enterprise-blueprint/node_modules/@vitest/runner/dist/index.js:915:26\n'[39m +
    [32m'    at file:///home/jay/Repos/angular-enterprise-blueprint/node_modules/@vitest/runner/dist/index.js:1243:20\n'[39m +
    [32m'    at new Promise (<anonymous>)\n'[39m +
    [32m'    at runWithTimeout (file:///home/jay/Repos/angular-enterprise-blueprint/node_modules/@vitest/runner/dist/index.js:1209:10)\n'[39m +
    [32m'    at file:///home/jay/Repos/angular-enterprise-blueprint/node_modules/@vitest/runner/dist/index.js:1653:37\n'[39m +
    [32m'    at Traces.$ (file:///home/jay/Repos/angular-enterprise-blueprint/node_modules/vitest/dist/chunks/traces.U4xDYhzZ.js:115:27)\n'[39m +
    [32m'    at trace (file:///home/jay/Repos/angular-enterprise-blueprint/node_modules/vitest/dist/chunks/test.B8ej_ZHS.js:239:21)\n'[39m +
    [32m'    at runTest (file:///home/jay/Repos/angular-enterprise-blueprint/node_modules/@vitest/runner/dist/index.js:1653:12)'[39m
}
[GlobalErrorHandler] Stack trace: Error: First error
    at /home/jay/Repos/angular-enterprise-blueprint/src/app/core/error-handling/global-error-handler.spec.ts:299:29
    at file:///home/jay/Repos/angular-enterprise-blueprint/node_modules/@vitest/runner/dist/index.js:145:11
    at file:///home/jay/Repos/angular-enterprise-blueprint/node_modules/@vitest/runner/dist/index.js:915:26
    at file:///home/jay/Repos/angular-enterprise-blueprint/node_modules/@vitest/runner/dist/index.js:1243:20
    at new Promise (<anonymous>)
    at runWithTimeout (file:///home/jay/Repos/angular-enterprise-blueprint/node_modules/@vitest/runner/dist/index.js:1209:10)
    at file:///home/jay/Repos/angular-enterprise-blueprint/node_modules/@vitest/runner/dist/index.js:1653:37
    at Traces.$ (file:///home/jay/Repos/angular-enterprise-blueprint/node_modules/vitest/dist/chunks/traces.U4xDYhzZ.js:115:27)
    at trace (file:///home/jay/Repos/angular-enterprise-blueprint/node_modules/vitest/dist/chunks/test.B8ej_ZHS.js:239:21)
    at runTest (file:///home/jay/Repos/angular-enterprise-blueprint/node_modules/@vitest/runner/dist/index.js:1653:12)
[User Notification] An unexpected error occurred. Please try again. (Error)
[GlobalErrorHandler] Second error {
  code: [32m'Error'[39m,
  severity: [32m'error'[39m,
  timestamp: [32m'2025-12-29T16:20:44.369Z'[39m,
  stack: [32m'Error: Second error\n'[39m +
    [32m'    at /home/jay/Repos/angular-enterprise-blueprint/src/app/core/error-handling/global-error-handler.spec.ts:300:29\n'[39m +
    [32m'    at file:///home/jay/Repos/angular-enterprise-blueprint/node_modules/@vitest/runner/dist/index.js:145:11\n'[39m +
    [32m'    at file:///home/jay/Repos/angular-enterprise-blueprint/node_modules/@vitest/runner/dist/index.js:915:26\n'[39m +
    [32m'    at file:///home/jay/Repos/angular-enterprise-blueprint/node_modules/@vitest/runner/dist/index.js:1243:20\n'[39m +
    [32m'    at new Promise (<anonymous>)\n'[39m +
    [32m'    at runWithTimeout (file:///home/jay/Repos/angular-enterprise-blueprint/node_modules/@vitest/runner/dist/index.js:1209:10)\n'[39m +
    [32m'    at file:///home/jay/Repos/angular-enterprise-blueprint/node_modules/@vitest/runner/dist/index.js:1653:37\n'[39m +
    [32m'    at Traces.$ (file:///home/jay/Repos/angular-enterprise-blueprint/node_modules/vitest/dist/chunks/traces.U4xDYhzZ.js:115:27)\n'[39m +
    [32m'    at trace (file:///home/jay/Repos/angular-enterprise-blueprint/node_modules/vitest/dist/chunks/test.B8ej_ZHS.js:239:21)\n'[39m +
    [32m'    at runTest (file:///home/jay/Repos/angular-enterprise-blueprint/node_modules/@vitest/runner/dist/index.js:1653:12)'[39m
}
[GlobalErrorHandler] Stack trace: Error: Second error
    at /home/jay/Repos/angular-enterprise-blueprint/src/app/core/error-handling/global-error-handler.spec.ts:300:29
    at file:///home/jay/Repos/angular-enterprise-blueprint/node_modules/@vitest/runner/dist/index.js:145:11
    at file:///home/jay/Repos/angular-enterprise-blueprint/node_modules/@vitest/runner/dist/index.js:915:26
    at file:///home/jay/Repos/angular-enterprise-blueprint/node_modules/@vitest/runner/dist/index.js:1243:20
    at new Promise (<anonymous>)
    at runWithTimeout (file:///home/jay/Repos/angular-enterprise-blueprint/node_modules/@vitest/runner/dist/index.js:1209:10)
    at file:///home/jay/Repos/angular-enterprise-blueprint/node_modules/@vitest/runner/dist/index.js:1653:37
    at Traces.$ (file:///home/jay/Repos/angular-enterprise-blueprint/node_modules/vitest/dist/chunks/traces.U4xDYhzZ.js:115:27)
    at trace (file:///home/jay/Repos/angular-enterprise-blueprint/node_modules/vitest/dist/chunks/test.B8ej_ZHS.js:239:21)
    at runTest (file:///home/jay/Repos/angular-enterprise-blueprint/node_modules/@vitest/runner/dist/index.js:1653:12)
[User Notification] An unexpected error occurred. Please try again. (Error)
[GlobalErrorHandler] Third error {
  code: [32m'TypeError'[39m,
  severity: [32m'error'[39m,
  timestamp: [32m'2025-12-29T16:20:44.369Z'[39m,
  stack: [32m'TypeError: Third error\n'[39m +
    [32m'    at /home/jay/Repos/angular-enterprise-blueprint/src/app/core/error-handling/global-error-handler.spec.ts:301:29\n'[39m +
    [32m'    at file:///home/jay/Repos/angular-enterprise-blueprint/node_modules/@vitest/runner/dist/index.js:145:11\n'[39m +
    [32m'    at file:///home/jay/Repos/angular-enterprise-blueprint/node_modules/@vitest/runner/dist/index.js:915:26\n'[39m +
    [32m'    at file:///home/jay/Repos/angular-enterprise-blueprint/node_modules/@vitest/runner/dist/index.js:1243:20\n'[39m +
    [32m'    at new Promise (<anonymous>)\n'[39m +
    [32m'    at runWithTimeout (file:///home/jay/Repos/angular-enterprise-blueprint/node_modules/@vitest/runner/dist/index.js:1209:10)\n'[39m +
    [32m'    at file:///home/jay/Repos/angular-enterprise-blueprint/node_modules/@vitest/runner/dist/index.js:1653:37\n'[39m +
    [32m'    at Traces.$ (file:///home/jay/Repos/angular-enterprise-blueprint/node_modules/vitest/dist/chunks/traces.U4xDYhzZ.js:115:27)\n'[39m +
    [32m'    at trace (file:///home/jay/Repos/angular-enterprise-blueprint/node_modules/vitest/dist/chunks/test.B8ej_ZHS.js:239:21)\n'[39m +
    [32m'    at runTest (file:///home/jay/Repos/angular-enterprise-blueprint/node_modules/@vitest/runner/dist/index.js:1653:12)'[39m
}
[GlobalErrorHandler] Stack trace: TypeError: Third error
    at /home/jay/Repos/angular-enterprise-blueprint/src/app/core/error-handling/global-error-handler.spec.ts:301:29
    at file:///home/jay/Repos/angular-enterprise-blueprint/node_modules/@vitest/runner/dist/index.js:145:11
    at file:///home/jay/Repos/angular-enterprise-blueprint/node_modules/@vitest/runner/dist/index.js:915:26
    at file:///home/jay/Repos/angular-enterprise-blueprint/node_modules/@vitest/runner/dist/index.js:1243:20
    at new Promise (<anonymous>)
    at runWithTimeout (file:///home/jay/Repos/angular-enterprise-blueprint/node_modules/@vitest/runner/dist/index.js:1209:10)
    at file:///home/jay/Repos/angular-enterprise-blueprint/node_modules/@vitest/runner/dist/index.js:1653:37
    at Traces.$ (file:///home/jay/Repos/angular-enterprise-blueprint/node_modules/vitest/dist/chunks/traces.U4xDYhzZ.js:115:27)
    at trace (file:///home/jay/Repos/angular-enterprise-blueprint/node_modules/vitest/dist/chunks/test.B8ej_ZHS.js:239:21)
    at runTest (file:///home/jay/Repos/angular-enterprise-blueprint/node_modules/@vitest/runner/dist/index.js:1653:12)
[User Notification] An unexpected error occurred. Please try again. (TypeError)

[90mstderr[2m | src/app/core/error-handling/global-error-handler.spec.ts[2m > [22m[2mGlobalErrorHandler[2m > [22m[2mhandleError[2m > [22m[2medge cases[2m > [22m[2mshould handle Error with empty message
[22m[39m[GlobalErrorHandler]  {
  code: [32m'Error'[39m,
  severity: [32m'error'[39m,
  timestamp: [32m'2025-12-29T16:20:44.381Z'[39m,
  stack: [32m'Error: \n'[39m +
    [32m'    at /home/jay/Repos/angular-enterprise-blueprint/src/app/core/error-handling/global-error-handler.spec.ts:314:23\n'[39m +
    [32m'    at file:///home/jay/Repos/angular-enterprise-blueprint/node_modules/@vitest/runner/dist/index.js:145:11\n'[39m +
    [32m'    at file:///home/jay/Repos/angular-enterprise-blueprint/node_modules/@vitest/runner/dist/index.js:915:26\n'[39m +
    [32m'    at file:///home/jay/Repos/angular-enterprise-blueprint/node_modules/@vitest/runner/dist/index.js:1243:20\n'[39m +
    [32m'    at new Promise (<anonymous>)\n'[39m +
    [32m'    at runWithTimeout (file:///home/jay/Repos/angular-enterprise-blueprint/node_modules/@vitest/runner/dist/index.js:1209:10)\n'[39m +
    [32m'    at file:///home/jay/Repos/angular-enterprise-blueprint/node_modules/@vitest/runner/dist/index.js:1653:37\n'[39m +
    [32m'    at Traces.$ (file:///home/jay/Repos/angular-enterprise-blueprint/node_modules/vitest/dist/chunks/traces.U4xDYhzZ.js:115:27)\n'[39m +
    [32m'    at trace (file:///home/jay/Repos/angular-enterprise-blueprint/node_modules/vitest/dist/chunks/test.B8ej_ZHS.js:239:21)\n'[39m +
    [32m'    at runTest (file:///home/jay/Repos/angular-enterprise-blueprint/node_modules/@vitest/runner/dist/index.js:1653:12)'[39m
}
[GlobalErrorHandler] Stack trace: Error: 
    at /home/jay/Repos/angular-enterprise-blueprint/src/app/core/error-handling/global-error-handler.spec.ts:314:23
    at file:///home/jay/Repos/angular-enterprise-blueprint/node_modules/@vitest/runner/dist/index.js:145:11
    at file:///home/jay/Repos/angular-enterprise-blueprint/node_modules/@vitest/runner/dist/index.js:915:26
    at file:///home/jay/Repos/angular-enterprise-blueprint/node_modules/@vitest/runner/dist/index.js:1243:20
    at new Promise (<anonymous>)
    at runWithTimeout (file:///home/jay/Repos/angular-enterprise-blueprint/node_modules/@vitest/runner/dist/index.js:1209:10)
    at file:///home/jay/Repos/angular-enterprise-blueprint/node_modules/@vitest/runner/dist/index.js:1653:37
    at Traces.$ (file:///home/jay/Repos/angular-enterprise-blueprint/node_modules/vitest/dist/chunks/traces.U4xDYhzZ.js:115:27)
    at trace (file:///home/jay/Repos/angular-enterprise-blueprint/node_modules/vitest/dist/chunks/test.B8ej_ZHS.js:239:21)
    at runTest (file:///home/jay/Repos/angular-enterprise-blueprint/node_modules/@vitest/runner/dist/index.js:1653:12)
[User Notification] An unexpected error occurred. Please try again. (Error)

[90mstderr[2m | src/app/core/error-handling/global-error-handler.spec.ts[2m > [22m[2mGlobalErrorHandler[2m > [22m[2mhandleError[2m > [22m[2medge cases[2m > [22m[2mshould handle boolean errors
[22m[39m[GlobalErrorHandler] An unknown error occurred {
  code: [90mundefined[39m,
  severity: [32m'error'[39m,
  timestamp: [32m'2025-12-29T16:20:44.386Z'[39m,
  raw: [32m'false'[39m
}
[User Notification] An unexpected error occurred. Please try again.

 [32m✓[39m [30m[43m angular-enterprise-blueprint [49m[39m src/app/shared/components/container/container.component.spec.ts [2m([22m[2m35 tests[22m[2m)[22m[32m 284[2mms[22m[39m
[90mstderr[2m | src/app/core/error-handling/global-error-handler.spec.ts[2m > [22m[2mGlobalErrorHandler[2m > [22m[2mhandleError[2m > [22m[2medge cases[2m > [22m[2mshould handle array errors
[22m[39m[GlobalErrorHandler] An unknown error occurred {
  code: [90mundefined[39m,
  severity: [32m'error'[39m,
  timestamp: [32m'2025-12-29T16:20:44.393Z'[39m,
  raw: [32m'error1,error2'[39m
}
[User Notification] An unexpected error occurred. Please try again.

[90mstderr[2m | src/app/core/error-handling/global-error-handler.spec.ts[2m > [22m[2mGlobalErrorHandler[2m > [22m[2mhandleError[2m > [22m[2medge cases[2m > [22m[2mshould handle object with non-string message property
[22m[39m[GlobalErrorHandler] An unknown error occurred {
  code: [90mundefined[39m,
  severity: [32m'error'[39m,
  timestamp: [32m'2025-12-29T16:20:44.398Z'[39m,
  raw: [32m'[object Object]'[39m
}
[User Notification] An unexpected error occurred. Please try again.

 [32m✓[39m [30m[43m angular-enterprise-blueprint [49m[39m src/app/features/modules/state/modules.store.spec.ts [2m([22m[2m20 tests[22m[2m)[22m[32m 68[2mms[22m[39m
[90mstderr[2m | src/app/core/error-handling/global-error-handler.spec.ts[2m > [22m[2mGlobalErrorHandler[2m > [22m[2mhandleError[2m > [22m[2medge cases[2m > [22m[2mshould handle deeply nested error objects
[22m[39m[GlobalErrorHandler] Nested error {
  code: [90mundefined[39m,
  severity: [32m'error'[39m,
  timestamp: [32m'2025-12-29T16:20:44.403Z'[39m,
  raw: { message: [32m'Nested error'[39m, nested: { deeper: [36m[Object][39m } }
}
[User Notification] An unexpected error occurred. Please try again.

 [32m✓[39m [30m[43m angular-enterprise-blueprint [49m[39m src/app/core/error-handling/global-error-handler.spec.ts [2m([22m[2m27 tests[22m[2m)[22m[32m 121[2mms[22m[39m
 [32m✓[39m [30m[43m angular-enterprise-blueprint [49m[39m src/app/shared/components/tabs/tabs.logic.spec.ts [2m([22m[2m2 tests[22m[2m)[22m[32m 151[2mms[22m[39m
 [32m✓[39m [30m[43m angular-enterprise-blueprint [49m[39m src/app/core/layout/footer/footer.component.spec.ts [2m([22m[2m7 tests[22m[2m)[22m[32m 91[2mms[22m[39m
 [32m✓[39m [30m[43m angular-enterprise-blueprint [49m[39m src/app/features/contact/state/contact.store.spec.ts [2m([22m[2m23 tests[22m[2m)[22m[32m 78[2mms[22m[39m
 [32m✓[39m [30m[43m angular-enterprise-blueprint [49m[39m src/app/core/services/analytics/analytics.service.spec.ts [2m([22m[2m22 tests[22m[2m)[22m[32m 63[2mms[22m[39m
 [32m✓[39m [30m[43m angular-enterprise-blueprint [49m[39m src/app/shared/components/input-label/input-label.component.spec.ts [2m([22m[2m9 tests[22m[2m)[22m[32m 56[2mms[22m[39m
 [32m✓[39m [30m[43m angular-enterprise-blueprint [49m[39m src/app/features/profile/state/profile.store.spec.ts [2m([22m[2m15 tests[22m[2m)[22m[32m 55[2mms[22m[39m
 [32m✓[39m [30m[43m angular-enterprise-blueprint [49m[39m src/app/core/services/logger/logger.service.spec.ts [2m([22m[2m15 tests[22m[2m)[22m[32m 44[2mms[22m[39m
 [32m✓[39m [30m[43m angular-enterprise-blueprint [49m[39m src/app/core/services/analytics/providers/google-analytics.provider.spec.ts [2m([22m[2m14 tests[22m[2m)[22m[32m 46[2mms[22m[39m
[90mstderr[2m | src/app/core/error-handling/error-notification.service.spec.ts[2m > [22m[2mErrorNotificationService[2m > [22m[2mnotifyError[2m > [22m[2mshould log error message via LoggerService
[22m[39m[User Notification] Something went wrong

 [32m✓[39m [30m[43m angular-enterprise-blueprint [49m[39m src/app/shared/utilities/debounce-throttle/debounce-throttle.utils.spec.ts [2m([22m[2m24 tests[22m[2m)[22m[32m 18[2mms[22m[39m
 [32m✓[39m [30m[43m angular-enterprise-blueprint [49m[39m src/app/core/services/analytics/analytics-router.provider.spec.ts [2m([22m[2m7 tests[22m[2m)[22m[32m 21[2mms[22m[39m
[90mstderr[2m | src/app/core/error-handling/error-notification.service.spec.ts[2m > [22m[2mErrorNotificationService[2m > [22m[2mnotifyError[2m > [22m[2mshould include details in error message when provided
[22m[39m[User Notification] Operation failed (ERR_001)

[90mstderr[2m | src/app/core/error-handling/error-notification.service.spec.ts[2m > [22m[2mErrorNotificationService[2m > [22m[2mnotifyWarning[2m > [22m[2mshould log warning message via LoggerService
[22m[39m[User Notification] Session expiring soon

[90mstderr[2m | src/app/core/error-handling/error-notification.service.spec.ts[2m > [22m[2mErrorNotificationService[2m > [22m[2mnotifyWarning[2m > [22m[2mshould include details in warning message when provided
[22m[39m[User Notification] Rate limit approaching (80% used)

[90mstdout[2m | src/app/core/error-handling/error-notification.service.spec.ts[2m > [22m[2mErrorNotificationService[2m > [22m[2mnotifySuccess[2m > [22m[2mshould log success message via LoggerService
[22m[39m[User Notification] Changes saved successfully

[90mstdout[2m | src/app/core/error-handling/error-notification.service.spec.ts[2m > [22m[2mErrorNotificationService[2m > [22m[2mnotifyInfo[2m > [22m[2mshould log info message via LoggerService
[22m[39m[User Notification] New updates available

 [32m✓[39m [30m[43m angular-enterprise-blueprint [49m[39m src/app/core/error-handling/error-notification.service.spec.ts [2m([22m[2m6 tests[22m[2m)[22m[32m 20[2mms[22m[39m
 [32m✓[39m [30m[43m angular-enterprise-blueprint [49m[39m src/app/core/services/analytics/providers/console-analytics.provider.spec.ts [2m([22m[2m10 tests[22m[2m)[22m[32m 35[2mms[22m[39m
 [32m✓[39m [30m[43m angular-enterprise-blueprint [49m[39m src/app/core/config/environment.token.spec.ts [2m([22m[2m6 tests[22m[2m)[22m[32m 26[2mms[22m[39m
[90mstderr[2m | src/app/features/profile/services/profile.service.spec.ts[2m > [22m[2mProfileService[2m > [22m[2mgetGitHubStats[2m > [22m[2mshould handle GraphQL errors
[22m[39mFailed to fetch GitHub stats { context: [32m'ProfileService'[39m, error: [32m'Could not resolve to a User'[39m }

[90mstderr[2m | src/app/features/profile/services/profile.service.spec.ts[2m > [22m[2mProfileService[2m > [22m[2mgetGitHubStats[2m > [22m[2mshould handle rate limit error (403)
[22m[39mFailed to fetch GitHub stats { context: [32m'ProfileService'[39m, error: [32m'Unknown error'[39m }

[90mstderr[2m | src/app/features/profile/services/profile.service.spec.ts[2m > [22m[2mProfileService[2m > [22m[2mgetGitHubStats[2m > [22m[2mshould handle authentication error (401)
[22m[39mFailed to fetch GitHub stats { context: [32m'ProfileService'[39m, error: [32m'Unknown error'[39m }

[90mstderr[2m | src/app/features/profile/services/profile.service.spec.ts[2m > [22m[2mProfileService[2m > [22m[2mgetGitHubStats[2m > [22m[2mshould handle generic network errors
[22m[39mFailed to fetch GitHub stats { context: [32m'ProfileService'[39m, error: [32m'Unknown error'[39m }

[90mstderr[2m | src/app/features/profile/services/profile.service.spec.ts[2m > [22m[2mProfileService[2m > [22m[2mwhen username not configured[2m > [22m[2mshould return null when username not configured
[22m[39mGitHub username not configured in environment { context: [32m'ProfileService'[39m }

 [32m✓[39m [30m[43m angular-enterprise-blueprint [49m[39m src/app/features/home/services/dashboard.service.spec.ts [2m([22m[2m3 tests[22m[2m)[22m[32m 8[2mms[22m[39m
 [32m✓[39m [30m[43m angular-enterprise-blueprint [49m[39m src/app/core/services/security/csrf-token.service.spec.ts [2m([22m[2m3 tests[22m[2m)[22m[32m 18[2mms[22m[39m
[90mstderr[2m | src/app/features/profile/services/profile.service.spec.ts[2m > [22m[2mProfileService[2m > [22m[2mwhen PAT not configured[2m > [22m[2mshould return null when PAT not configured
[22m[39mGitHub PAT not configured - detailed stats unavailable { context: [32m'ProfileService'[39m }

 [32m✓[39m [30m[43m angular-enterprise-blueprint [49m[39m src/app/features/profile/services/profile.service.spec.ts [2m([22m[2m7 tests[22m[2m)[22m[32m 26[2mms[22m[39m
 [32m✓[39m [30m[43m angular-enterprise-blueprint [49m[39m src/app/shared/utilities/validation/validation.utils.spec.ts [2m([22m[2m72 tests[22m[2m)[22m[32m 28[2mms[22m[39m
 [32m✓[39m [30m[43m angular-enterprise-blueprint [49m[39m src/app/shared/components/input-footer/input-footer.component.spec.ts [2m([22m[2m3 tests[22m[2m)[22m[32m 17[2mms[22m[39m
 [32m✓[39m [30m[43m angular-enterprise-blueprint [49m[39m src/app/core/auth/guards/auth.guard.spec.ts [2m([22m[2m6 tests[22m[2m)[22m[32m 22[2mms[22m[39m
[90mstderr[2m | src/app/core/interceptors/csrf.interceptor.spec.ts[2m > [22m[2mcsrfInterceptor[2m > [22m[2msame-origin requests[2m > [22m[2mshould treat URLs that fail parsing as same-origin (defensive)
[22m[39m[vitest] The vi.fn() mock did not use 'function' or 'class' in its implementation, see https://vitest.dev/api/vi#vi-spyon for examples.

 [32m✓[39m [30m[43m angular-enterprise-blueprint [49m[39m src/app/shared/services/unique-id/unique-id.service.spec.ts [2m([22m[2m7 tests[22m[2m)[22m[32m 10[2mms[22m[39m
 [32m✓[39m [30m[43m angular-enterprise-blueprint [49m[39m src/app/core/interceptors/csrf.interceptor.spec.ts [2m([22m[2m6 tests[22m[2m)[22m[32m 14[2mms[22m[39m
[90mstderr[2m | src/app/core/services/storage/crypto.service.spec.ts[2m > [22m[2mCryptoService[2m > [22m[2mdecrypt[2m > [22m[2mshould return empty string if decryption fails (invalid base64)
[22m[39mCryptoService: Failed to decrypt value. Returning empty string.

 [32m✓[39m [30m[43m angular-enterprise-blueprint [49m[39m src/app/features/architecture/services/architecture.service.spec.ts [2m([22m[2m5 tests[22m[2m)[22m[32m 13[2mms[22m[39m
 [32m✓[39m [30m[43m angular-enterprise-blueprint [49m[39m src/app/core/services/storage/crypto.service.spec.ts [2m([22m[2m9 tests[22m[2m)[22m[32m 24[2mms[22m[39m
 [32m✓[39m [30m[43m angular-enterprise-blueprint [49m[39m src/app/core/services/storage/secure-storage.service.spec.ts [2m([22m[2m7 tests[22m[2m)[22m[32m 21[2mms[22m[39m
[90mstdout[2m | src/app/core/auth/strategies/mock-auth.strategy.spec.ts[2m > [22m[2mMockAuthStrategy[2m > [22m[2mcheckSession[2m > [22m[2mshould log when session is restored
[22m[39m[MockAuth] Login attempt { username: [32m'demo'[39m }
[MockAuth] Login successful { userId: [32m'user-001'[39m, username: [32m'demo'[39m }

 [32m✓[39m [30m[43m angular-enterprise-blueprint [49m[39m src/app/features/home/state/dashboard.store.spec.ts [2m([22m[2m5 tests[22m[2m)[22m[32m 16[2mms[22m[39m
 [32m✓[39m [30m[43m angular-enterprise-blueprint [49m[39m src/app/features/modules/services/modules.service.spec.ts [2m([22m[2m5 tests[22m[2m)[22m[32m 11[2mms[22m[39m
 [32m✓[39m [30m[43m angular-enterprise-blueprint [49m[39m src/app/app.spec.ts [2m([22m[2m1 test[22m[2m)[22m[32m 8[2mms[22m[39m
 [32m✓[39m [30m[43m angular-enterprise-blueprint [49m[39m src/app/core/services/analytics/analytics-loader.service.spec.ts [2m([22m[2m3 tests[22m[2m)[22m[32m 8[2mms[22m[39m
 [32m✓[39m [30m[43m angular-enterprise-blueprint [49m[39m src/app/core/auth/guards/guest.guard.spec.ts [2m([22m[2m3 tests[22m[2m)[22m[32m 8[2mms[22m[39m
 [32m✓[39m [30m[43m angular-enterprise-blueprint [49m[39m src/app/core/services/analytics/analytics.provider.spec.ts [2m([22m[2m5 tests[22m[2m)[22m[32m 9[2mms[22m[39m
[90mstdout[2m | src/app/core/auth/strategies/mock-auth.strategy.spec.ts[2m > [22m[2mMockAuthStrategy[2m > [22m[2mcheckSession[2m > [22m[2mshould log when session is restored
[22m[39m[MockAuth] Checking session
[MockAuth] Session restored { userId: [32m'user-001'[39m }

[90mstdout[2m | src/app/core/auth/strategies/mock-auth.strategy.spec.ts[2m > [22m[2mMockAuthStrategy[2m > [22m[2mcheckSession[2m > [22m[2mshould log when no session found
[22m[39m[MockAuth] Checking session
[MockAuth] No valid session found

[90mstdout[2m | src/app/core/auth/strategies/mock-auth.strategy.spec.ts[2m > [22m[2mMockAuthStrategy[2m > [22m[2mrandom error simulation[2m > [22m[2mshould simulate random error when Math.random returns low value (non-production)
[22m[39m[MockAuth] Login attempt { username: [32m'demo'[39m }

[90mstderr[2m | src/app/core/auth/strategies/mock-auth.strategy.spec.ts[2m > [22m[2mMockAuthStrategy[2m > [22m[2mrandom error simulation[2m > [22m[2mshould simulate random error when Math.random returns low value (non-production)
[22m[39m[MockAuth] Simulating random server error

[90mstdout[2m | src/app/core/auth/strategies/mock-auth.strategy.spec.ts[2m > [22m[2mMockAuthStrategy[2m > [22m[2mrandom error simulation[2m > [22m[2mshould not simulate error when Math.random returns high value
[22m[39m[MockAuth] Login attempt { username: [32m'demo'[39m }
[MockAuth] Login successful { userId: [32m'user-001'[39m, username: [32m'demo'[39m }

 [32m✓[39m [30m[43m angular-enterprise-blueprint [49m[39m src/app/core/auth/strategies/mock-auth.strategy.spec.ts [2m([22m[2m25 tests[22m[2m)[22m[33m 15067[2mms[22m[39m
       [33m[2m✓[22m[39m should login successfully with demo username [33m 817[2mms[22m[39m
       [33m[2m✓[22m[39m should login successfully with admin username [33m 814[2mms[22m[39m
       [33m[2m✓[22m[39m should be case-insensitive for username [33m 811[2mms[22m[39m
       [33m[2m✓[22m[39m should trim whitespace from username [33m 817[2mms[22m[39m
       [33m[2m✓[22m[39m should store session in secure storage after login [33m 818[2mms[22m[39m
       [33m[2m✓[22m[39m should generate a JWT-like token [33m 808[2mms[22m[39m
       [33m[2m✓[22m[39m should log login attempt [33m 818[2mms[22m[39m
       [33m[2m✓[22m[39m should log successful login [33m 812[2mms[22m[39m
       [33m[2m✓[22m[39m should clear session from secure storage [33m 1206[2mms[22m[39m
       [33m[2m✓[22m[39m should log logout [33m 405[2mms[22m[39m
       [33m[2m✓[22m[39m should complete successfully even without prior login [33m 403[2mms[22m[39m
       [33m[2m✓[22m[39m should return user when valid session exists [33m 1209[2mms[22m[39m
       [33m[2m✓[22m[39m should return null when no session exists [33m 413[2mms[22m[39m
       [33m[2m✓[22m[39m should return null when only token exists without user [33m 417[2mms[22m[39m
       [33m[2m✓[22m[39m should return null when only user exists without token [33m 409[2mms[22m[39m
       [33m[2m✓[22m[39m should clear session on invalid JSON in user data [33m 403[2mms[22m[39m
       [33m[2m✓[22m[39m should log session check [33m 416[2mms[22m[39m
       [33m[2m✓[22m[39m should log when session is restored [33m 1207[2mms[22m[39m
       [33m[2m✓[22m[39m should log when no session found [33m 402[2mms[22m[39m
       [33m[2m✓[22m[39m should not simulate error when Math.random returns high value [33m 802[2mms[22m[39m
       [33m[2m✓[22m[39m should not simulate random errors in production [33m 803[2mms[22m[39m

[31m⎯⎯⎯⎯⎯⎯⎯[39m[1m[41m Failed Tests 1 [49m[22m[31m⎯⎯⎯⎯⎯⎯⎯[39m

[41m[1m FAIL [22m[49m [30m[43m angular-enterprise-blueprint [49m[39m src/app/features/profile/profile.component.spec.ts[2m > [22mProfileComponent[2m > [22mComponent Properties[2m > [22mshould block invalid resume URLs
[31m[1mAssertionError[22m: expected SafeResourceUrlImpl{ …(1) } to be null[39m

[32m- Expected:[39m 
null

[31m+ Received:[39m 
SafeResourceUrlImpl {
  "changingThisBreaksApplicationSecurity": "assets/resume/resume.pdf",
}

[36m [2m❯[22m src/app/features/profile/profile.component.spec.ts:[2m292:23[22m[39m
    [90m290| [39m      [35mconst[39m safeUrl [33m=[39m component[33m.[39m[34msafeResumeUrl[39m()[33m;[39m
    [90m291| [39m
    [90m292| [39m      [34mexpect[39m(safeUrl)[33m.[39m[34mtoBeNull[39m()[33m;[39m
    [90m   | [39m                      [31m^[39m
    [90m293| [39m      [34mexpect[39m(loggerSpy)[33m.[39m[34mtoHaveBeenCalledWith[39m(
    [90m294| [39m        expect[33m.[39m[34mstringContaining[39m([32m'Invalid resume URL blocked'[39m)[33m,[39m

[31m[2m⎯⎯⎯⎯⎯⎯⎯⎯⎯⎯⎯⎯⎯⎯⎯⎯⎯⎯⎯⎯⎯⎯⎯⎯[1/1]⎯[22m[39m

[31m⎯⎯⎯⎯⎯⎯[39m[1m[41m Unhandled Errors [49m[22m[31m⎯⎯⎯⎯⎯⎯[39m
[31m[1m
Vitest caught 1 unhandled error during the test run.
This might cause false positive tests. Resolve unhandled errors to make sure your tests are not affected.[22m[39m

[31m⎯⎯⎯⎯⎯[39m[1m[41m Uncaught Exception [49m[22m[31m⎯⎯⎯⎯⎯[39m
[31m[1mTypeError[22m: contactService.sendContactMessage(...).pipe is not a function[39m
[90m [2m❯[22m src/app/features/contact/state/contact.store.ts:[2m88:55[22m[39m
[90m [2m❯[22m node_modules/rxjs/dist/cjs/internal/operators/switchMap.js:[2m17:35[22m[39m
[90m [2m❯[22m OperatorSubscriber._this._next node_modules/rxjs/dist/cjs/internal/operators/OperatorSubscriber.js:[2m33:21[22m[39m
[90m [2m❯[22m OperatorSubscriber.Subscriber.next node_modules/rxjs/dist/cjs/internal/Subscriber.js:[2m51:18[22m[39m
[90m [2m❯[22m node_modules/rxjs/dist/cjs/internal/operators/tap.js:[2m21:28[22m[39m
[90m [2m❯[22m OperatorSubscriber._this._next node_modules/rxjs/dist/cjs/internal/operators/OperatorSubscriber.js:[2m33:21[22m[39m
[90m [2m❯[22m OperatorSubscriber.Subscriber.next node_modules/rxjs/dist/cjs/internal/Subscriber.js:[2m51:18[22m[39m
[90m [2m❯[22m node_modules/rxjs/dist/cjs/internal/Subject.js:[2m69:34[22m[39m
[90m [2m❯[22m Object.errorContext node_modules/rxjs/dist/cjs/internal/util/errorContext.js:[2m22:9[22m[39m
[90m [2m❯[22m Subject.next node_modules/rxjs/dist/cjs/internal/Subject.js:[2m59:24[22m[39m

[31mThis error originated in "[1msrc/app/features/contact/contact.component.spec.ts[22m" test file. It doesn't mean the error was thrown inside the file itself, but while it was running.[39m
[31m⎯⎯⎯⎯⎯⎯⎯⎯⎯⎯⎯⎯⎯⎯⎯⎯⎯⎯⎯⎯⎯⎯⎯⎯⎯⎯⎯⎯⎯⎯[39m


[2m Test Files [22m [1m[31m1 failed[39m[22m[2m | [22m[1m[32m80 passed[39m[22m[90m (81)[39m
[2m      Tests [22m [1m[31m1 failed[39m[22m[2m | [22m[1m[32m2473 passed[39m[22m[90m (2474)[39m
[2m     Errors [22m [1m[31m1 error[39m[22m
[2m   Start at [22m 08:20:30
[2m   Duration [22m 17.12s[2m (transform 3.88s, setup 4.60s, import 7.15s, tests 80.15s, environment 69.03s)[22m

